Archive member included to satisfy reference by file (symbol)

../Middlewares/ST/ARM/DSP/Lib\libarm_cortexM4lf_math.a(arm_fir_init_f32.o)
                              ./tasks/signal-processing-task/signal_processing.o (arm_fir_init_f32)
../Middlewares/ST/ARM/DSP/Lib\libarm_cortexM4lf_math.a(arm_fir_f32.o)
                              ./tasks/signal-processing-task/signal_processing.o (arm_fir_f32)
C:/ST/STM32CubeIDE_1.15.1/STM32CubeIDE/plugins/com.st.stm32cube.ide.mcu.externaltools.gnu-tools-for-stm32.12.3.rel1.win32_1.0.200.202406191623/tools/bin/../lib/gcc/arm-none-eabi/12.3.1/../../../../arm-none-eabi/lib/thumb/v7e-m+fp/hard\libc_nano.a(libc_a-exit.o)
                              C:/ST/STM32CubeIDE_1.15.1/STM32CubeIDE/plugins/com.st.stm32cube.ide.mcu.externaltools.gnu-tools-for-stm32.12.3.rel1.win32_1.0.200.202406191623/tools/bin/../lib/gcc/arm-none-eabi/12.3.1/../../../../arm-none-eabi/lib/thumb/v7e-m+fp/hard/crt0.o (exit)
C:/ST/STM32CubeIDE_1.15.1/STM32CubeIDE/plugins/com.st.stm32cube.ide.mcu.externaltools.gnu-tools-for-stm32.12.3.rel1.win32_1.0.200.202406191623/tools/bin/../lib/gcc/arm-none-eabi/12.3.1/../../../../arm-none-eabi/lib/thumb/v7e-m+fp/hard\libc_nano.a(libc_a-findfp.o)
                              C:/ST/STM32CubeIDE_1.15.1/STM32CubeIDE/plugins/com.st.stm32cube.ide.mcu.externaltools.gnu-tools-for-stm32.12.3.rel1.win32_1.0.200.202406191623/tools/bin/../lib/gcc/arm-none-eabi/12.3.1/../../../../arm-none-eabi/lib/thumb/v7e-m+fp/hard\libc_nano.a(libc_a-exit.o) (__stdio_exit_handler)
C:/ST/STM32CubeIDE_1.15.1/STM32CubeIDE/plugins/com.st.stm32cube.ide.mcu.externaltools.gnu-tools-for-stm32.12.3.rel1.win32_1.0.200.202406191623/tools/bin/../lib/gcc/arm-none-eabi/12.3.1/../../../../arm-none-eabi/lib/thumb/v7e-m+fp/hard\libc_nano.a(libc_a-fwalk.o)
                              C:/ST/STM32CubeIDE_1.15.1/STM32CubeIDE/plugins/com.st.stm32cube.ide.mcu.externaltools.gnu-tools-for-stm32.12.3.rel1.win32_1.0.200.202406191623/tools/bin/../lib/gcc/arm-none-eabi/12.3.1/../../../../arm-none-eabi/lib/thumb/v7e-m+fp/hard\libc_nano.a(libc_a-findfp.o) (_fwalk_sglue)
C:/ST/STM32CubeIDE_1.15.1/STM32CubeIDE/plugins/com.st.stm32cube.ide.mcu.externaltools.gnu-tools-for-stm32.12.3.rel1.win32_1.0.200.202406191623/tools/bin/../lib/gcc/arm-none-eabi/12.3.1/../../../../arm-none-eabi/lib/thumb/v7e-m+fp/hard\libc_nano.a(libc_a-stdio.o)
                              C:/ST/STM32CubeIDE_1.15.1/STM32CubeIDE/plugins/com.st.stm32cube.ide.mcu.externaltools.gnu-tools-for-stm32.12.3.rel1.win32_1.0.200.202406191623/tools/bin/../lib/gcc/arm-none-eabi/12.3.1/../../../../arm-none-eabi/lib/thumb/v7e-m+fp/hard\libc_nano.a(libc_a-findfp.o) (__sread)
C:/ST/STM32CubeIDE_1.15.1/STM32CubeIDE/plugins/com.st.stm32cube.ide.mcu.externaltools.gnu-tools-for-stm32.12.3.rel1.win32_1.0.200.202406191623/tools/bin/../lib/gcc/arm-none-eabi/12.3.1/../../../../arm-none-eabi/lib/thumb/v7e-m+fp/hard\libc_nano.a(libc_a-memset.o)
                              C:/ST/STM32CubeIDE_1.15.1/STM32CubeIDE/plugins/com.st.stm32cube.ide.mcu.externaltools.gnu-tools-for-stm32.12.3.rel1.win32_1.0.200.202406191623/tools/bin/../lib/gcc/arm-none-eabi/12.3.1/../../../../arm-none-eabi/lib/thumb/v7e-m+fp/hard/crt0.o (memset)
C:/ST/STM32CubeIDE_1.15.1/STM32CubeIDE/plugins/com.st.stm32cube.ide.mcu.externaltools.gnu-tools-for-stm32.12.3.rel1.win32_1.0.200.202406191623/tools/bin/../lib/gcc/arm-none-eabi/12.3.1/../../../../arm-none-eabi/lib/thumb/v7e-m+fp/hard\libc_nano.a(libc_a-closer.o)
                              C:/ST/STM32CubeIDE_1.15.1/STM32CubeIDE/plugins/com.st.stm32cube.ide.mcu.externaltools.gnu-tools-for-stm32.12.3.rel1.win32_1.0.200.202406191623/tools/bin/../lib/gcc/arm-none-eabi/12.3.1/../../../../arm-none-eabi/lib/thumb/v7e-m+fp/hard\libc_nano.a(libc_a-stdio.o) (_close_r)
C:/ST/STM32CubeIDE_1.15.1/STM32CubeIDE/plugins/com.st.stm32cube.ide.mcu.externaltools.gnu-tools-for-stm32.12.3.rel1.win32_1.0.200.202406191623/tools/bin/../lib/gcc/arm-none-eabi/12.3.1/../../../../arm-none-eabi/lib/thumb/v7e-m+fp/hard\libc_nano.a(libc_a-reent.o)
                              C:/ST/STM32CubeIDE_1.15.1/STM32CubeIDE/plugins/com.st.stm32cube.ide.mcu.externaltools.gnu-tools-for-stm32.12.3.rel1.win32_1.0.200.202406191623/tools/bin/../lib/gcc/arm-none-eabi/12.3.1/../../../../arm-none-eabi/lib/thumb/v7e-m+fp/hard\libc_nano.a(libc_a-closer.o) (errno)
C:/ST/STM32CubeIDE_1.15.1/STM32CubeIDE/plugins/com.st.stm32cube.ide.mcu.externaltools.gnu-tools-for-stm32.12.3.rel1.win32_1.0.200.202406191623/tools/bin/../lib/gcc/arm-none-eabi/12.3.1/../../../../arm-none-eabi/lib/thumb/v7e-m+fp/hard\libc_nano.a(libc_a-impure.o)
                              C:/ST/STM32CubeIDE_1.15.1/STM32CubeIDE/plugins/com.st.stm32cube.ide.mcu.externaltools.gnu-tools-for-stm32.12.3.rel1.win32_1.0.200.202406191623/tools/bin/../lib/gcc/arm-none-eabi/12.3.1/../../../../arm-none-eabi/lib/thumb/v7e-m+fp/hard\libc_nano.a(libc_a-reent.o) (_impure_ptr)
[...]
Memory Configuration

Name             Origin             Length             Attributes
CCMRAM           0x10000000         0x00010000         xrw
RAM              0x20000000         0x00020000         xrw
FLASH            0x08000000         0x00100000         xr
*default*        0x00000000         0xffffffff

Linker script and memory map

LOAD C:/ST/STM32CubeIDE_1.15.1/STM32CubeIDE/plugins/com.st.stm32cube.ide.mcu.externaltools.gnu-tools-for-stm32.12.3.rel1.win32_1.0.200.202406191623/tools/bin/../lib/gcc/arm-none-eabi/12.3.1/thumb/v7e-m+fp/hard/crti.o
LOAD C:/ST/STM32CubeIDE_1.15.1/STM32CubeIDE/plugins/com.st.stm32cube.ide.mcu.externaltools.gnu-tools-for-stm32.12.3.rel1.win32_1.0.200.202406191623/tools/bin/../lib/gcc/arm-none-eabi/12.3.1/thumb/v7e-m+fp/hard/crtbegin.o
LOAD C:/ST/STM32CubeIDE_1.15.1/STM32CubeIDE/plugins/com.st.stm32cube.ide.mcu.externaltools.gnu-tools-for-stm32.12.3.rel1.win32_1.0.200.202406191623/tools/bin/../lib/gcc/arm-none-eabi/12.3.1/../../../../arm-none-eabi/lib/thumb/v7e-m+fp/hard/crt0.o
LOAD ./Core/Src/dma.o
LOAD ./Core/Src/freertos.o
LOAD ./Core/Src/gpio.o
LOAD ./Core/Src/i2c.o
LOAD ./Core/Src/i2s.o
LOAD ./Core/Src/main.o
LOAD ./Core/Src/stm32f4xx_hal_msp.o
LOAD ./Core/Src/stm32f4xx_it.o
LOAD ./Core/Src/syscalls.o
LOAD ./Core/Src/sysmem.o
LOAD ./Core/Src/system_stm32f4xx.o
LOAD ./Core/Startup/startup_stm32f407vgtx.o
LOAD ./Drivers/STM32F4xx_HAL_Driver/Src/stm32f4xx_hal.o
LOAD ./Drivers/STM32F4xx_HAL_Driver/Src/stm32f4xx_hal_cortex.o
LOAD ./Drivers/STM32F4xx_HAL_Driver/Src/stm32f4xx_hal_dma.o
LOAD ./Drivers/STM32F4xx_HAL_Driver/Src/stm32f4xx_hal_dma_ex.o
LOAD ./Drivers/STM32F4xx_HAL_Driver/Src/stm32f4xx_hal_exti.o
LOAD ./Drivers/STM32F4xx_HAL_Driver/Src/stm32f4xx_hal_flash.o
LOAD ./Drivers/STM32F4xx_HAL_Driver/Src/stm32f4xx_hal_flash_ex.o
LOAD ./Drivers/STM32F4xx_HAL_Driver/Src/stm32f4xx_hal_flash_ramfunc.o
LOAD ./Drivers/STM32F4xx_HAL_Driver/Src/stm32f4xx_hal_gpio.o
LOAD ./Drivers/STM32F4xx_HAL_Driver/Src/stm32f4xx_hal_i2c.o
LOAD ./Drivers/STM32F4xx_HAL_Driver/Src/stm32f4xx_hal_i2c_ex.o
LOAD ./Drivers/STM32F4xx_HAL_Driver/Src/stm32f4xx_hal_i2s.o
LOAD ./Drivers/STM32F4xx_HAL_Driver/Src/stm32f4xx_hal_i2s_ex.o
LOAD ./Drivers/STM32F4xx_HAL_Driver/Src/stm32f4xx_hal_pwr.o
LOAD ./Drivers/STM32F4xx_HAL_Driver/Src/stm32f4xx_hal_pwr_ex.o
LOAD ./Drivers/STM32F4xx_HAL_Driver/Src/stm32f4xx_hal_rcc.o
LOAD ./Drivers/STM32F4xx_HAL_Driver/Src/stm32f4xx_hal_rcc_ex.o
LOAD ./Drivers/STM32F4xx_HAL_Driver/Src/stm32f4xx_hal_tim.o
LOAD ./Drivers/STM32F4xx_HAL_Driver/Src/stm32f4xx_hal_tim_ex.o
LOAD ./Middlewares/Third_Party/FreeRTOS/Source/CMSIS_RTOS_V2/cmsis_os2.o
LOAD ./Middlewares/Third_Party/FreeRTOS/Source/croutine.o
LOAD ./Middlewares/Third_Party/FreeRTOS/Source/event_groups.o
LOAD ./Middlewares/Third_Party/FreeRTOS/Source/list.o
LOAD ./Middlewares/Third_Party/FreeRTOS/Source/queue.o
LOAD ./Middlewares/Third_Party/FreeRTOS/Source/stream_buffer.o
LOAD ./Middlewares/Third_Party/FreeRTOS/Source/tasks.o
LOAD ./Middlewares/Third_Party/FreeRTOS/Source/timers.o
LOAD ./Middlewares/Third_Party/FreeRTOS/Source/portable/GCC/ARM_CM4F/port.o
LOAD ./Middlewares/Third_Party/FreeRTOS/Source/portable/MemMang/heap_4.o
LOAD ./bsp/cs43l22/cs43l22.o
LOAD ./tasks/microphone-task/microphone-task-notification.o
LOAD ./tasks/microphone-task/microphone_task.o
LOAD ./tasks/signal-processing-task/signal-processing-task-notification.o
LOAD ./tasks/signal-processing-task/signal_processing.o
LOAD ./tasks/speaker-task/speaker-task-notification.o
LOAD ./tasks/speaker-task/speaker_task.o
LOAD ../Middlewares/ST/ARM/DSP/Lib\libarm_cortexM4lf_math.a
START GROUP
LOAD C:/ST/STM32CubeIDE_1.15.1/STM32CubeIDE/plugins/com.st.stm32cube.ide.mcu.externaltools.gnu-tools-for-stm32.12.3.rel1.win32_1.0.200.202406191623/tools/bin/../lib/gcc/arm-none-eabi/12.3.1/../../../../arm-none-eabi/lib/thumb/v7e-m+fp/hard\libc_nano.a
LOAD C:/ST/STM32CubeIDE_1.15.1/STM32CubeIDE/plugins/com.st.stm32cube.ide.mcu.externaltools.gnu-tools-for-stm32.12.3.rel1.win32_1.0.200.202406191623/tools/bin/../lib/gcc/arm-none-eabi/12.3.1/../../../../arm-none-eabi/lib/thumb/v7e-m+fp/hard\libm.a
END GROUP
START GROUP
LOAD C:/ST/STM32CubeIDE_1.15.1/STM32CubeIDE/plugins/com.st.stm32cube.ide.mcu.externaltools.gnu-tools-for-stm32.12.3.rel1.win32_1.0.200.202406191623/tools/bin/../lib/gcc/arm-none-eabi/12.3.1/thumb/v7e-m+fp/hard\libgcc.a
LOAD C:/ST/STM32CubeIDE_1.15.1/STM32CubeIDE/plugins/com.st.stm32cube.ide.mcu.externaltools.gnu-tools-for-stm32.12.3.rel1.win32_1.0.200.202406191623/tools/bin/../lib/gcc/arm-none-eabi/12.3.1/../../../../arm-none-eabi/lib/thumb/v7e-m+fp/hard\libc_nano.a
END GROUP
START GROUP
LOAD C:/ST/STM32CubeIDE_1.15.1/STM32CubeIDE/plugins/com.st.stm32cube.ide.mcu.externaltools.gnu-tools-for-stm32.12.3.rel1.win32_1.0.200.202406191623/tools/bin/../lib/gcc/arm-none-eabi/12.3.1/thumb/v7e-m+fp/hard\libgcc.a
LOAD C:/ST/STM32CubeIDE_1.15.1/STM32CubeIDE/plugins/com.st.stm32cube.ide.mcu.externaltools.gnu-tools-for-stm32.12.3.rel1.win32_1.0.200.202406191623/tools/bin/../lib/gcc/arm-none-eabi/12.3.1/../../../../arm-none-eabi/lib/thumb/v7e-m+fp/hard\libc_nano.a
LOAD C:/ST/STM32CubeIDE_1.15.1/STM32CubeIDE/plugins/com.st.stm32cube.ide.mcu.externaltools.gnu-tools-for-stm32.12.3.rel1.win32_1.0.200.202406191623/tools/bin/../lib/gcc/arm-none-eabi/12.3.1/../../../../arm-none-eabi/lib/thumb/v7e-m+fp/hard\libnosys.a
END GROUP
START GROUP
LOAD C:/ST/STM32CubeIDE_1.15.1/STM32CubeIDE/plugins/com.st.stm32cube.ide.mcu.externaltools.gnu-tools-for-stm32.12.3.rel1.win32_1.0.200.202406191623/tools/bin/../lib/gcc/arm-none-eabi/12.3.1/thumb/v7e-m+fp/hard\libgcc.a
LOAD C:/ST/STM32CubeIDE_1.15.1/STM32CubeIDE/plugins/com.st.stm32cube.ide.mcu.externaltools.gnu-tools-for-stm32.12.3.rel1.win32_1.0.200.202406191623/tools/bin/../lib/gcc/arm-none-eabi/12.3.1/../../../../arm-none-eabi/lib/thumb/v7e-m+fp/hard\libc_nano.a
LOAD C:/ST/STM32CubeIDE_1.15.1/STM32CubeIDE/plugins/com.st.stm32cube.ide.mcu.externaltools.gnu-tools-for-stm32.12.3.rel1.win32_1.0.200.202406191623/tools/bin/../lib/gcc/arm-none-eabi/12.3.1/../../../../arm-none-eabi/lib/thumb/v7e-m+fp/hard\libnosys.a
END GROUP
LOAD C:/ST/STM32CubeIDE_1.15.1/STM32CubeIDE/plugins/com.st.stm32cube.ide.mcu.externaltools.gnu-tools-for-stm32.12.3.rel1.win32_1.0.200.202406191623/tools/bin/../lib/gcc/arm-none-eabi/12.3.1/thumb/v7e-m+fp/hard/crtend.o
LOAD C:/ST/STM32CubeIDE_1.15.1/STM32CubeIDE/plugins/com.st.stm32cube.ide.mcu.externaltools.gnu-tools-for-stm32.12.3.rel1.win32_1.0.200.202406191623/tools/bin/../lib/gcc/arm-none-eabi/12.3.1/thumb/v7e-m+fp/hard/crtn.o
                0x20020000                        _estack = (ORIGIN (RAM) + LENGTH (RAM))
                0x00000200                        _Min_Heap_Size = 0x200
                0x00000400                        _Min_Stack_Size = 0x400

.isr_vector     0x08000000      0x188
                0x08000000                        . = ALIGN (0x4)
 *(.isr_vector)
 .isr_vector    0x08000000      0x188 ./Core/Startup/startup_stm32f407vgtx.o
                0x08000000                g_pfnVectors
                0x08000188                        . = ALIGN (0x4)

.text           0x08000190     0x7284
                0x08000190                        . = ALIGN (0x4)
 *(.text)
 .text          0x08000190       0x40 C:/ST/STM32CubeIDE_1.15.1/STM32CubeIDE/plugins/com.st.stm32cube.ide.mcu.externaltools.gnu-tools-for-stm32.12.3.rel1.win32_1.0.200.202406191623/tools/bin/../lib/gcc/arm-none-eabi/12.3.1/thumb/v7e-m+fp/hard/crtbegin.o
 .text          0x080001d0       0x30 C:/ST/STM32CubeIDE_1.15.1/STM32CubeIDE/plugins/com.st.stm32cube.ide.mcu.externaltools.gnu-tools-for-stm32.12.3.rel1.win32_1.0.200.202406191623/tools/bin/../lib/gcc/arm-none-eabi/12.3.1/thumb/v7e-m+fp/hard\libgcc.a(_aeabi_uldivmod.o)
                0x080001d0                __aeabi_uldivmod
 .text          0x08000200      0x2bc C:/ST/STM32CubeIDE_1.15.1/STM32CubeIDE/plugins/com.st.stm32cube.ide.mcu.externaltools.gnu-tools-for-stm32.12.3.rel1.win32_1.0.200.202406191623/tools/bin/../lib/gcc/arm-none-eabi/12.3.1/thumb/v7e-m+fp/hard\libgcc.a(_udivmoddi4.o)
                0x08000200                __udivmoddi4
 .text          0x080004bc        0x4 C:/ST/STM32CubeIDE_1.15.1/STM32CubeIDE/plugins/com.st.stm32cube.ide.mcu.externaltools.gnu-tools-for-stm32.12.3.rel1.win32_1.0.200.202406191623/tools/bin/../lib/gcc/arm-none-eabi/12.3.1/thumb/v7e-m+fp/hard\libgcc.a(_dvmd_tls.o)
                0x080004bc                __aeabi_idiv0
                0x080004bc                __aeabi_ldiv0
 *(.text*)
 .text.MX_DMA_Init
                0x080004c0       0x50 ./Core/Src/dma.o
                0x080004c0                MX_DMA_Init
 .text.MX_FREERTOS_Init
                0x08000510       0x5c ./Core/Src/freertos.o
                0x08000510                MX_FREERTOS_Init
 .text._microphone_task
                0x0800056c       0x16 ./Core/Src/freertos.o
                0x0800056c                _microphone_task
 .text._signal_processing_task
                0x08000582       0x16 ./Core/Src/freertos.o
                0x08000582                _signal_processing_task
 .text._speaker_task
                0x08000598       0x16 ./Core/Src/freertos.o
                0x08000598                _speaker_task
 *fill*         0x080005ae        0x2 
 .text.MX_GPIO_Init
                0x080005b0       0xc0 ./Core/Src/gpio.o
                0x080005b0                MX_GPIO_Init
 .text.MX_I2C1_Init
                0x08000670       0x5c ./Core/Src/i2c.o
                0x08000670                MX_I2C1_Init
 .text.HAL_I2C_MspInit
                0x080006cc       0x90 ./Core/Src/i2c.o
                0x080006cc                HAL_I2C_MspInit
 .text.MX_I2S2_Init
                0x0800075c       0x5c ./Core/Src/i2s.o
                0x0800075c                MX_I2S2_Init
 .text.MX_I2S3_Init
                0x080007b8       0x5c ./Core/Src/i2s.o
                0x080007b8                MX_I2S3_Init
 .text.HAL_I2S_MspInit
                0x08000814      0x250 ./Core/Src/i2s.o
                0x08000814                HAL_I2S_MspInit
 .text.main     0x08000a64       0x70 ./Core/Src/main.o
                0x08000a64                main
 .text.SystemClock_Config
                0x08000ad4       0xd0 ./Core/Src/main.o
                0x08000ad4                SystemClock_Config
 .text.PeriphCommonClock_Config
                0x08000ba4       0x38 ./Core/Src/main.o
                0x08000ba4                PeriphCommonClock_Config
 .text.Error_Handler
                0x08000bdc        0xc ./Core/Src/main.o
                0x08000bdc                Error_Handler
 .text.HAL_MspInit
                0x08000be8       0x58 ./Core/Src/stm32f4xx_hal_msp.o
                0x08000be8                HAL_MspInit
 .text.NMI_Handler
                0x08000c40        0x8 ./Core/Src/stm32f4xx_it.o
                0x08000c40                NMI_Handler
 .text.HardFault_Handler
                0x08000c48        0x8 ./Core/Src/stm32f4xx_it.o
                0x08000c48                HardFault_Handler
 .text.MemManage_Handler
                0x08000c50        0x8 ./Core/Src/stm32f4xx_it.o
                0x08000c50                MemManage_Handler
 .text.BusFault_Handler
                0x08000c58        0x8 ./Core/Src/stm32f4xx_it.o
                0x08000c58                BusFault_Handler
 .text.UsageFault_Handler
                0x08000c60        0x8 ./Core/Src/stm32f4xx_it.o
                0x08000c60                UsageFault_Handler
 .text.DebugMon_Handler
                0x08000c68        0xe ./Core/Src/stm32f4xx_it.o
                0x08000c68                DebugMon_Handler
 .text.SysTick_Handler
                0x08000c76       0x1a ./Core/Src/stm32f4xx_it.o
                0x08000c76                SysTick_Handler
 .text.DMA1_Stream3_IRQHandler
                0x08000c90       0x14 ./Core/Src/stm32f4xx_it.o
                0x08000c90                DMA1_Stream3_IRQHandler
 .text.DMA1_Stream5_IRQHandler
                0x08000ca4       0x14 ./Core/Src/stm32f4xx_it.o
                0x08000ca4                DMA1_Stream5_IRQHandler
 .text.SystemInit
                0x08000cb8       0x24 ./Core/Src/system_stm32f4xx.o
                0x08000cb8                SystemInit
 .text.Reset_Handler
                0x08000cdc       0x50 ./Core/Startup/startup_stm32f407vgtx.o
                0x08000cdc                Reset_Handler
 .text.Default_Handler
                0x08000d2c        0x2 ./Core/Startup/startup_stm32f407vgtx.o
                0x08000d2c                RTC_Alarm_IRQHandler
                0x08000d2c                HASH_RNG_IRQHandler
                0x08000d2c                EXTI2_IRQHandler
                0x08000d2c                TIM8_CC_IRQHandler
                0x08000d2c                TIM1_CC_IRQHandler
                0x08000d2c                DMA2_Stream5_IRQHandler
                0x08000d2c                PVD_IRQHandler
                0x08000d2c                SDIO_IRQHandler
                0x08000d2c                TAMP_STAMP_IRQHandler
                0x08000d2c                CAN2_RX1_IRQHandler
                0x08000d2c                EXTI3_IRQHandler
                0x08000d2c                TIM8_TRG_COM_TIM14_IRQHandler
                0x08000d2c                TIM1_UP_TIM10_IRQHandler
                0x08000d2c                TIM8_UP_TIM13_IRQHandler
                0x08000d2c                I2C3_ER_IRQHandler
                0x08000d2c                EXTI0_IRQHandler
                0x08000d2c                I2C2_EV_IRQHandler
                0x08000d2c                DMA1_Stream2_IRQHandler
                0x08000d2c                CAN1_RX0_IRQHandler
                0x08000d2c                FPU_IRQHandler
                0x08000d2c                OTG_HS_WKUP_IRQHandler
                0x08000d2c                CAN2_SCE_IRQHandler
                0x08000d2c                DMA2_Stream2_IRQHandler
                0x08000d2c                SPI1_IRQHandler
                0x08000d2c                TIM6_DAC_IRQHandler
                0x08000d2c                TIM1_BRK_TIM9_IRQHandler
                0x08000d2c                DCMI_IRQHandler
                0x08000d2c                CAN2_RX0_IRQHandler
                0x08000d2c                DMA2_Stream3_IRQHandler
                0x08000d2c                USART6_IRQHandler
                0x08000d2c                USART3_IRQHandler
                0x08000d2c                CAN1_RX1_IRQHandler
                0x08000d2c                UART5_IRQHandler
                0x08000d2c                DMA2_Stream0_IRQHandler
                0x08000d2c                TIM4_IRQHandler
                0x08000d2c                I2C1_EV_IRQHandler
                0x08000d2c                DMA1_Stream6_IRQHandler
                0x08000d2c                DMA1_Stream1_IRQHandler
                0x08000d2c                UART4_IRQHandler
                0x08000d2c                TIM3_IRQHandler
                0x08000d2c                RCC_IRQHandler
                0x08000d2c                TIM8_BRK_TIM12_IRQHandler
                0x08000d2c                Default_Handler
                0x08000d2c                EXTI15_10_IRQHandler
                0x08000d2c                ADC_IRQHandler
                0x08000d2c                DMA1_Stream7_IRQHandler
                0x08000d2c                TIM7_IRQHandler
                0x08000d2c                CAN2_TX_IRQHandler
                0x08000d2c                TIM5_IRQHandler
                0x08000d2c                DMA2_Stream7_IRQHandler
                0x08000d2c                I2C3_EV_IRQHandler
                0x08000d2c                EXTI9_5_IRQHandler
                0x08000d2c                RTC_WKUP_IRQHandler
                0x08000d2c                ETH_WKUP_IRQHandler
                0x08000d2c                SPI2_IRQHandler
                0x08000d2c                OTG_HS_EP1_IN_IRQHandler
                0x08000d2c                DMA1_Stream0_IRQHandler
                0x08000d2c                CAN1_TX_IRQHandler
                0x08000d2c                EXTI4_IRQHandler
                0x08000d2c                FSMC_IRQHandler
                0x08000d2c                ETH_IRQHandler
                0x08000d2c                OTG_HS_EP1_OUT_IRQHandler
                0x08000d2c                WWDG_IRQHandler
                0x08000d2c                TIM2_IRQHandler
                0x08000d2c                OTG_FS_WKUP_IRQHandler
                0x08000d2c                TIM1_TRG_COM_TIM11_IRQHandler
                0x08000d2c                OTG_HS_IRQHandler
                0x08000d2c                EXTI1_IRQHandler
                0x08000d2c                USART2_IRQHandler
                0x08000d2c                I2C2_ER_IRQHandler
                0x08000d2c                DMA2_Stream1_IRQHandler
                0x08000d2c                CAN1_SCE_IRQHandler
                0x08000d2c                FLASH_IRQHandler
                0x08000d2c                DMA2_Stream4_IRQHandler
                0x08000d2c                USART1_IRQHandler
                0x08000d2c                OTG_FS_IRQHandler
                0x08000d2c                SPI3_IRQHandler
                0x08000d2c                DMA1_Stream4_IRQHandler
                0x08000d2c                I2C1_ER_IRQHandler
                0x08000d2c                DMA2_Stream6_IRQHandler
 *fill*         0x08000d2e        0x2 
 .text.HAL_Init
                0x08000d30       0x44 ./Drivers/STM32F4xx_HAL_Driver/Src/stm32f4xx_hal.o
                0x08000d30                HAL_Init
 .text.HAL_InitTick
                0x08000d74       0x60 ./Drivers/STM32F4xx_HAL_Driver/Src/stm32f4xx_hal.o
                0x08000d74                HAL_InitTick
 .text.HAL_IncTick
                0x08000dd4       0x28 ./Drivers/STM32F4xx_HAL_Driver/Src/stm32f4xx_hal.o
                0x08000dd4                HAL_IncTick
 .text.HAL_GetTick
                0x08000dfc       0x18 ./Drivers/STM32F4xx_HAL_Driver/Src/stm32f4xx_hal.o
                0x08000dfc                HAL_GetTick
 .text.__NVIC_SetPriorityGrouping
                0x08000e14       0x48 ./Drivers/STM32F4xx_HAL_Driver/Src/stm32f4xx_hal_cortex.o
 .text.__NVIC_GetPriorityGrouping
                0x08000e5c       0x1c ./Drivers/STM32F4xx_HAL_Driver/Src/stm32f4xx_hal_cortex.o
 .text.__NVIC_EnableIRQ
                0x08000e78       0x3c ./Drivers/STM32F4xx_HAL_Driver/Src/stm32f4xx_hal_cortex.o
 .text.__NVIC_SetPriority
                0x08000eb4       0x54 ./Drivers/STM32F4xx_HAL_Driver/Src/stm32f4xx_hal_cortex.o
 .text.NVIC_EncodePriority
                0x08000f08       0x66 ./Drivers/STM32F4xx_HAL_Driver/Src/stm32f4xx_hal_cortex.o
 *fill*         0x08000f6e        0x2 
 .text.SysTick_Config
                0x08000f70       0x44 ./Drivers/STM32F4xx_HAL_Driver/Src/stm32f4xx_hal_cortex.o
 .text.HAL_NVIC_SetPriorityGrouping
                0x08000fb4       0x16 ./Drivers/STM32F4xx_HAL_Driver/Src/stm32f4xx_hal_cortex.o
                0x08000fb4                HAL_NVIC_SetPriorityGrouping
 .text.HAL_NVIC_SetPriority
                0x08000fca       0x38 ./Drivers/STM32F4xx_HAL_Driver/Src/stm32f4xx_hal_cortex.o
                0x08000fca                HAL_NVIC_SetPriority
 .text.HAL_NVIC_EnableIRQ
                0x08001002       0x1c ./Drivers/STM32F4xx_HAL_Driver/Src/stm32f4xx_hal_cortex.o
                0x08001002                HAL_NVIC_EnableIRQ
 .text.HAL_SYSTICK_Config
                0x0800101e       0x18 ./Drivers/STM32F4xx_HAL_Driver/Src/stm32f4xx_hal_cortex.o
                0x0800101e                HAL_SYSTICK_Config
 *fill*         0x08001036        0x2 
 .text.HAL_DMA_Init
                0x08001038      0x15c ./Drivers/STM32F4xx_HAL_Driver/Src/stm32f4xx_hal_dma.o
                0x08001038                HAL_DMA_Init
 .text.HAL_DMA_Start_IT
                0x08001194       0xb0 ./Drivers/STM32F4xx_HAL_Driver/Src/stm32f4xx_hal_dma.o
                0x08001194                HAL_DMA_Start_IT
 .text.HAL_DMA_IRQHandler
                0x08001244      0x314 ./Drivers/STM32F4xx_HAL_Driver/Src/stm32f4xx_hal_dma.o
                0x08001244                HAL_DMA_IRQHandler
 .text.DMA_SetConfig
                0x08001558       0x5c ./Drivers/STM32F4xx_HAL_Driver/Src/stm32f4xx_hal_dma.o
 .text.DMA_CalcBaseAndBitshift
                0x080015b4       0x6c ./Drivers/STM32F4xx_HAL_Driver/Src/stm32f4xx_hal_dma.o
 .text.DMA_CheckFifoParam
                0x08001620       0xf8 ./Drivers/STM32F4xx_HAL_Driver/Src/stm32f4xx_hal_dma.o
 .text.HAL_GPIO_Init
                0x08001718      0x338 ./Drivers/STM32F4xx_HAL_Driver/Src/stm32f4xx_hal_gpio.o
                0x08001718                HAL_GPIO_Init
 .text.HAL_GPIO_WritePin
                0x08001a50       0x32 ./Drivers/STM32F4xx_HAL_Driver/Src/stm32f4xx_hal_gpio.o
                0x08001a50                HAL_GPIO_WritePin
 *fill*         0x08001a82        0x2 
 .text.HAL_I2C_Init
                0x08001a84      0x288 ./Drivers/STM32F4xx_HAL_Driver/Src/stm32f4xx_hal_i2c.o
                0x08001a84                HAL_I2C_Init
 .text.HAL_I2C_Mem_Write
                0x08001d0c      0x1f4 ./Drivers/STM32F4xx_HAL_Driver/Src/stm32f4xx_hal_i2c.o
                0x08001d0c                HAL_I2C_Mem_Write
 .text.I2C_RequestMemoryWrite
                0x08001f00      0x12c ./Drivers/STM32F4xx_HAL_Driver/Src/stm32f4xx_hal_i2c.o
 .text.I2C_WaitOnFlagUntilTimeout
                0x0800202c       0xf4 ./Drivers/STM32F4xx_HAL_Driver/Src/stm32f4xx_hal_i2c.o
 .text.I2C_WaitOnMasterAddressFlagUntilTimeout
                0x08002120      0x140 ./Drivers/STM32F4xx_HAL_Driver/Src/stm32f4xx_hal_i2c.o
 .text.I2C_WaitOnTXEFlagUntilTimeout
                0x08002260       0x90 ./Drivers/STM32F4xx_HAL_Driver/Src/stm32f4xx_hal_i2c.o
 .text.I2C_WaitOnBTFFlagUntilTimeout
                0x080022f0       0x90 ./Drivers/STM32F4xx_HAL_Driver/Src/stm32f4xx_hal_i2c.o
 .text.I2C_IsAcknowledgeFailed
                0x08002380       0x5e ./Drivers/STM32F4xx_HAL_Driver/Src/stm32f4xx_hal_i2c.o
 *fill*         0x080023de        0x2 
 .text.HAL_I2S_Init
                0x080023e0      0x280 ./Drivers/STM32F4xx_HAL_Driver/Src/stm32f4xx_hal_i2s.o
                0x080023e0                HAL_I2S_Init
 .text.HAL_I2S_Transmit_DMA
                0x08002660      0x148 ./Drivers/STM32F4xx_HAL_Driver/Src/stm32f4xx_hal_i2s.o
                0x08002660                HAL_I2S_Transmit_DMA
 .text.HAL_I2S_Receive_DMA
                0x080027a8      0x170 ./Drivers/STM32F4xx_HAL_Driver/Src/stm32f4xx_hal_i2s.o
                0x080027a8                HAL_I2S_Receive_DMA
 .text.HAL_I2S_TxHalfCpltCallback
                0x08002918       0x14 ./Drivers/STM32F4xx_HAL_Driver/Src/stm32f4xx_hal_i2s.o
                0x08002918                HAL_I2S_TxHalfCpltCallback
 .text.HAL_I2S_TxCpltCallback
                0x0800292c       0x14 ./Drivers/STM32F4xx_HAL_Driver/Src/stm32f4xx_hal_i2s.o
                0x0800292c                HAL_I2S_TxCpltCallback
 .text.HAL_I2S_ErrorCallback
                0x08002940       0x14 ./Drivers/STM32F4xx_HAL_Driver/Src/stm32f4xx_hal_i2s.o
                0x08002940                HAL_I2S_ErrorCallback
 .text.I2S_DMATxCplt
                0x08002954       0x42 ./Drivers/STM32F4xx_HAL_Driver/Src/stm32f4xx_hal_i2s.o
 .text.I2S_DMATxHalfCplt
                0x08002996       0x1c ./Drivers/STM32F4xx_HAL_Driver/Src/stm32f4xx_hal_i2s.o
 .text.I2S_DMARxCplt
                0x080029b2       0x42 ./Drivers/STM32F4xx_HAL_Driver/Src/stm32f4xx_hal_i2s.o
 .text.I2S_DMARxHalfCplt
                0x080029f4       0x1c ./Drivers/STM32F4xx_HAL_Driver/Src/stm32f4xx_hal_i2s.o
 .text.I2S_DMAError
                0x08002a10       0x4c ./Drivers/STM32F4xx_HAL_Driver/Src/stm32f4xx_hal_i2s.o
 .text.I2S_Transmit_IT
                0x08002a5c       0x5c ./Drivers/STM32F4xx_HAL_Driver/Src/stm32f4xx_hal_i2s.o
 .text.I2S_Receive_IT
                0x08002ab8       0x5e ./Drivers/STM32F4xx_HAL_Driver/Src/stm32f4xx_hal_i2s.o
 .text.I2S_IRQHandler
                0x08002b16      0x114 ./Drivers/STM32F4xx_HAL_Driver/Src/stm32f4xx_hal_i2s.o
 *fill*         0x08002c2a        0x2 
 .text.HAL_I2SEx_FullDuplex_IRQHandler
                0x08002c2c      0x2a8 ./Drivers/STM32F4xx_HAL_Driver/Src/stm32f4xx_hal_i2s_ex.o
                0x08002c2c                HAL_I2SEx_FullDuplex_IRQHandler
 .text.HAL_I2SEx_TxRxCpltCallback
                0x08002ed4       0x14 ./Drivers/STM32F4xx_HAL_Driver/Src/stm32f4xx_hal_i2s_ex.o
                0x08002ed4                HAL_I2SEx_TxRxCpltCallback
 .text.I2SEx_TxISR_I2S
                0x08002ee8       0x62 ./Drivers/STM32F4xx_HAL_Driver/Src/stm32f4xx_hal_i2s_ex.o
 *fill*         0x08002f4a        0x2 
 .text.I2SEx_TxISR_I2SExt
                0x08002f4c       0x98 ./Drivers/STM32F4xx_HAL_Driver/Src/stm32f4xx_hal_i2s_ex.o
 .text.I2SEx_RxISR_I2S
                0x08002fe4       0x64 ./Drivers/STM32F4xx_HAL_Driver/Src/stm32f4xx_hal_i2s_ex.o
 .text.I2SEx_RxISR_I2SExt
                0x08003048       0x98 ./Drivers/STM32F4xx_HAL_Driver/Src/stm32f4xx_hal_i2s_ex.o
 .text.HAL_RCC_OscConfig
                0x080030e0      0x4f0 ./Drivers/STM32F4xx_HAL_Driver/Src/stm32f4xx_hal_rcc.o
                0x080030e0                HAL_RCC_OscConfig
 .text.HAL_RCC_ClockConfig
                0x080035d0      0x1cc ./Drivers/STM32F4xx_HAL_Driver/Src/stm32f4xx_hal_rcc.o
                0x080035d0                HAL_RCC_ClockConfig
 .text.HAL_RCC_GetSysClockFreq
                0x0800379c      0x18c ./Drivers/STM32F4xx_HAL_Driver/Src/stm32f4xx_hal_rcc.o
                0x0800379c                HAL_RCC_GetSysClockFreq
 .text.HAL_RCC_GetHCLKFreq
                0x08003928       0x18 ./Drivers/STM32F4xx_HAL_Driver/Src/stm32f4xx_hal_rcc.o
                0x08003928                HAL_RCC_GetHCLKFreq
 .text.HAL_RCC_GetPCLK1Freq
                0x08003940       0x28 ./Drivers/STM32F4xx_HAL_Driver/Src/stm32f4xx_hal_rcc.o
                0x08003940                HAL_RCC_GetPCLK1Freq
 .text.HAL_RCCEx_PeriphCLKConfig
                0x08003968      0x1c4 ./Drivers/STM32F4xx_HAL_Driver/Src/stm32f4xx_hal_rcc_ex.o
                0x08003968                HAL_RCCEx_PeriphCLKConfig
 .text.HAL_RCCEx_GetPeriphCLKFreq
                0x08003b2c       0xc0 ./Drivers/STM32F4xx_HAL_Driver/Src/stm32f4xx_hal_rcc_ex.o
                0x08003b2c                HAL_RCCEx_GetPeriphCLKFreq
 .text.__NVIC_SetPriority
                0x08003bec       0x54 ./Middlewares/Third_Party/FreeRTOS/Source/CMSIS_RTOS_V2/cmsis_os2.o
 .text.SVC_Setup
                0x08003c40       0x12 ./Middlewares/Third_Party/FreeRTOS/Source/CMSIS_RTOS_V2/cmsis_os2.o
 *fill*         0x08003c52        0x2 
 .text.osKernelInitialize
                0x08003c54       0x48 ./Middlewares/Third_Party/FreeRTOS/Source/CMSIS_RTOS_V2/cmsis_os2.o
                0x08003c54                osKernelInitialize
 .text.osKernelStart
                0x08003c9c       0x4c ./Middlewares/Third_Party/FreeRTOS/Source/CMSIS_RTOS_V2/cmsis_os2.o
                0x08003c9c                osKernelStart
 .text.osThreadNew
                0x08003ce8      0x124 ./Middlewares/Third_Party/FreeRTOS/Source/CMSIS_RTOS_V2/cmsis_os2.o
                0x08003ce8                osThreadNew
 .text.vApplicationGetIdleTaskMemory
                0x08003e0c       0x34 ./Middlewares/Third_Party/FreeRTOS/Source/CMSIS_RTOS_V2/cmsis_os2.o
                0x08003e0c                vApplicationGetIdleTaskMemory
 .text.vApplicationGetTimerTaskMemory
                0x08003e40       0x34 ./Middlewares/Third_Party/FreeRTOS/Source/CMSIS_RTOS_V2/cmsis_os2.o
                0x08003e40                vApplicationGetTimerTaskMemory
 .text.vListInitialise
                0x08003e74       0x40 ./Middlewares/Third_Party/FreeRTOS/Source/list.o
                0x08003e74                vListInitialise
 .text.vListInitialiseItem
                0x08003eb4       0x1a ./Middlewares/Third_Party/FreeRTOS/Source/list.o
                0x08003eb4                vListInitialiseItem
 .text.vListInsertEnd
                0x08003ece       0x48 ./Middlewares/Third_Party/FreeRTOS/Source/list.o
                0x08003ece                vListInsertEnd
 .text.vListInsert
                0x08003f16       0x72 ./Middlewares/Third_Party/FreeRTOS/Source/list.o
                0x08003f16                vListInsert
 .text.uxListRemove
                0x08003f88       0x54 ./Middlewares/Third_Party/FreeRTOS/Source/list.o
                0x08003f88                uxListRemove
 .text.xQueueGenericReset
                0x08003fdc       0xd4 ./Middlewares/Third_Party/FreeRTOS/Source/queue.o
                0x08003fdc                xQueueGenericReset
 .text.xQueueGenericCreateStatic
                0x080040b0       0xfa ./Middlewares/Third_Party/FreeRTOS/Source/queue.o
                0x080040b0                xQueueGenericCreateStatic
 .text.xQueueGenericCreate
                0x080041aa       0x76 ./Middlewares/Third_Party/FreeRTOS/Source/queue.o
                0x080041aa                xQueueGenericCreate
 .text.prvInitialiseNewQueue
                0x08004220       0x46 ./Middlewares/Third_Party/FreeRTOS/Source/queue.o
 *fill*         0x08004266        0x2 
 .text.xQueueGenericSend
                0x08004268      0x204 ./Middlewares/Third_Party/FreeRTOS/Source/queue.o
                0x08004268                xQueueGenericSend
 .text.xQueueGenericSendFromISR
                0x0800446c      0x13c ./Middlewares/Third_Party/FreeRTOS/Source/queue.o
                0x0800446c                xQueueGenericSendFromISR
 .text.xQueueReceive
                0x080045a8      0x1c4 ./Middlewares/Third_Party/FreeRTOS/Source/queue.o
                0x080045a8                xQueueReceive
 .text.prvCopyDataToQueue
                0x0800476c       0xd4 ./Middlewares/Third_Party/FreeRTOS/Source/queue.o
 .text.prvCopyDataFromQueue
                0x08004840       0x4c ./Middlewares/Third_Party/FreeRTOS/Source/queue.o
 .text.prvUnlockQueue
                0x0800488c       0xa4 ./Middlewares/Third_Party/FreeRTOS/Source/queue.o
 .text.prvIsQueueEmpty
                0x08004930       0x2c ./Middlewares/Third_Party/FreeRTOS/Source/queue.o
 .text.prvIsQueueFull
                0x0800495c       0x30 ./Middlewares/Third_Party/FreeRTOS/Source/queue.o
 .text.vQueueAddToRegistry
                0x0800498c       0x54 ./Middlewares/Third_Party/FreeRTOS/Source/queue.o
                0x0800498c                vQueueAddToRegistry
 .text.vQueueWaitForMessageRestricted
                0x080049e0       0x68 ./Middlewares/Third_Party/FreeRTOS/Source/queue.o
                0x080049e0                vQueueWaitForMessageRestricted
 .text.xTaskCreateStatic
                0x08004a48       0xc0 ./Middlewares/Third_Party/FreeRTOS/Source/tasks.o
                0x08004a48                xTaskCreateStatic
 .text.xTaskCreate
                0x08004b08       0x8a ./Middlewares/Third_Party/FreeRTOS/Source/tasks.o
                0x08004b08                xTaskCreate
 .text.prvInitialiseNewTask
                0x08004b92      0x120 ./Middlewares/Third_Party/FreeRTOS/Source/tasks.o
 *fill*         0x08004cb2        0x2 
 .text.prvAddNewTaskToReadyList
                0x08004cb4       0xe0 ./Middlewares/Third_Party/FreeRTOS/Source/tasks.o
 .text.vTaskStartScheduler
                0x08004d94       0xd0 ./Middlewares/Third_Party/FreeRTOS/Source/tasks.o
                0x08004d94                vTaskStartScheduler
 .text.vTaskSuspendAll
                0x08004e64       0x1c ./Middlewares/Third_Party/FreeRTOS/Source/tasks.o
                0x08004e64                vTaskSuspendAll
 .text.xTaskResumeAll
                0x08004e80      0x13c ./Middlewares/Third_Party/FreeRTOS/Source/tasks.o
                0x08004e80                xTaskResumeAll
 .text.xTaskGetTickCount
                0x08004fbc       0x20 ./Middlewares/Third_Party/FreeRTOS/Source/tasks.o
                0x08004fbc                xTaskGetTickCount
 .text.xTaskIncrementTick
                0x08004fdc      0x174 ./Middlewares/Third_Party/FreeRTOS/Source/tasks.o
                0x08004fdc                xTaskIncrementTick
 .text.vTaskSwitchContext
                0x08005150       0xbc ./Middlewares/Third_Party/FreeRTOS/Source/tasks.o
                0x08005150                vTaskSwitchContext
 .text.vTaskPlaceOnEventList
                0x0800520c       0x4c ./Middlewares/Third_Party/FreeRTOS/Source/tasks.o
                0x0800520c                vTaskPlaceOnEventList
 .text.vTaskPlaceOnEventListRestricted
                0x08005258       0x58 ./Middlewares/Third_Party/FreeRTOS/Source/tasks.o
                0x08005258                vTaskPlaceOnEventListRestricted
 .text.xTaskRemoveFromEventList
                0x080052b0       0xc8 ./Middlewares/Third_Party/FreeRTOS/Source/tasks.o
                0x080052b0                xTaskRemoveFromEventList
 .text.vTaskInternalSetTimeOutState
                0x08005378       0x2c ./Middlewares/Third_Party/FreeRTOS/Source/tasks.o
                0x08005378                vTaskInternalSetTimeOutState
 .text.xTaskCheckForTimeOut
                0x080053a4       0xc8 ./Middlewares/Third_Party/FreeRTOS/Source/tasks.o
                0x080053a4                xTaskCheckForTimeOut
 .text.vTaskMissedYield
                0x0800546c       0x18 ./Middlewares/Third_Party/FreeRTOS/Source/tasks.o
                0x0800546c                vTaskMissedYield
 .text.prvIdleTask
                0x08005484       0x30 ./Middlewares/Third_Party/FreeRTOS/Source/tasks.o
 .text.prvInitialiseTaskLists
                0x080054b4       0x80 ./Middlewares/Third_Party/FreeRTOS/Source/tasks.o
 .text.prvCheckTasksWaitingTermination
                0x08005534       0x5c ./Middlewares/Third_Party/FreeRTOS/Source/tasks.o
 .text.prvDeleteTCB
                0x08005590       0x60 ./Middlewares/Third_Party/FreeRTOS/Source/tasks.o
 .text.prvResetNextTaskUnblockTime
                0x080055f0       0x40 ./Middlewares/Third_Party/FreeRTOS/Source/tasks.o
 .text.xTaskGetSchedulerState
                0x08005630       0x3c ./Middlewares/Third_Party/FreeRTOS/Source/tasks.o
                0x08005630                xTaskGetSchedulerState
 .text.xTaskPriorityDisinherit
                0x0800566c       0xe0 ./Middlewares/Third_Party/FreeRTOS/Source/tasks.o
                0x0800566c                xTaskPriorityDisinherit
 .text.prvAddCurrentTaskToDelayedList
                0x0800574c       0xa8 ./Middlewares/Third_Party/FreeRTOS/Source/tasks.o
 .text.xTimerCreateTimerTask
                0x080057f4       0x94 ./Middlewares/Third_Party/FreeRTOS/Source/timers.o
                0x080057f4                xTimerCreateTimerTask
 .text.xTimerGenericCommand
                0x08005888       0x9c ./Middlewares/Third_Party/FreeRTOS/Source/timers.o
                0x08005888                xTimerGenericCommand
 .text.prvProcessExpiredTimer
                0x08005924       0x9c ./Middlewares/Third_Party/FreeRTOS/Source/timers.o
 .text.prvTimerTask
                0x080059c0       0x26 ./Middlewares/Third_Party/FreeRTOS/Source/timers.o
 *fill*         0x080059e6        0x2 
 .text.prvProcessTimerOrBlockTask
                0x080059e8       0x9c ./Middlewares/Third_Party/FreeRTOS/Source/timers.o
 .text.prvGetNextExpireTime
                0x08005a84       0x48 ./Middlewares/Third_Party/FreeRTOS/Source/timers.o
 .text.prvSampleTimeNow
                0x08005acc       0x40 ./Middlewares/Third_Party/FreeRTOS/Source/timers.o
 .text.prvInsertTimerInActiveList
                0x08005b0c       0x84 ./Middlewares/Third_Party/FreeRTOS/Source/timers.o
 .text.prvProcessReceivedCommands
                0x08005b90      0x1cc ./Middlewares/Third_Party/FreeRTOS/Source/timers.o
 .text.prvSwitchTimerLists
                0x08005d5c       0xcc ./Middlewares/Third_Party/FreeRTOS/Source/timers.o
 .text.prvCheckForValidListAndQueue
                0x08005e28       0x80 ./Middlewares/Third_Party/FreeRTOS/Source/timers.o
 .text.pxPortInitialiseStack
                0x08005ea8       0x68 ./Middlewares/Third_Party/FreeRTOS/Source/portable/GCC/ARM_CM4F/port.o
                0x08005ea8                pxPortInitialiseStack
 .text.prvTaskExitError
                0x08005f10       0x5c ./Middlewares/Third_Party/FreeRTOS/Source/portable/GCC/ARM_CM4F/port.o
 *fill*         0x08005f6c        0x4 
 .text.SVC_Handler
                0x08005f70       0x28 ./Middlewares/Third_Party/FreeRTOS/Source/portable/GCC/ARM_CM4F/port.o
                0x08005f70                SVC_Handler
 .text.prvPortStartFirstTask
                0x08005f98       0x28 ./Middlewares/Third_Party/FreeRTOS/Source/portable/GCC/ARM_CM4F/port.o
 .text.xPortStartScheduler
                0x08005fc0      0x148 ./Middlewares/Third_Party/FreeRTOS/Source/portable/GCC/ARM_CM4F/port.o
                0x08005fc0                xPortStartScheduler
 .text.vPortEnterCritical
                0x08006108       0x64 ./Middlewares/Third_Party/FreeRTOS/Source/portable/GCC/ARM_CM4F/port.o
                0x08006108                vPortEnterCritical
 .text.vPortExitCritical
                0x0800616c       0x54 ./Middlewares/Third_Party/FreeRTOS/Source/portable/GCC/ARM_CM4F/port.o
                0x0800616c                vPortExitCritical
 .text.PendSV_Handler
                0x080061c0       0x68 ./Middlewares/Third_Party/FreeRTOS/Source/portable/GCC/ARM_CM4F/port.o
                0x080061c0                PendSV_Handler
 .text.xPortSysTickHandler
                0x08006228       0x44 ./Middlewares/Third_Party/FreeRTOS/Source/portable/GCC/ARM_CM4F/port.o
                0x08006228                xPortSysTickHandler
 .text.vPortSetupTimerInterrupt
                0x0800626c       0x48 ./Middlewares/Third_Party/FreeRTOS/Source/portable/GCC/ARM_CM4F/port.o
                0x0800626c                vPortSetupTimerInterrupt
 .text.vPortEnableVFP
                0x080062b4       0x14 ./Middlewares/Third_Party/FreeRTOS/Source/portable/GCC/ARM_CM4F/port.o
 .text.vPortValidateInterruptPriority
                0x080062c8       0x84 ./Middlewares/Third_Party/FreeRTOS/Source/portable/GCC/ARM_CM4F/port.o
                0x080062c8                vPortValidateInterruptPriority
 .text.pvPortMalloc
                0x0800634c      0x19c ./Middlewares/Third_Party/FreeRTOS/Source/portable/MemMang/heap_4.o
                0x0800634c                pvPortMalloc
 .text.vPortFree
                0x080064e8       0xc8 ./Middlewares/Third_Party/FreeRTOS/Source/portable/MemMang/heap_4.o
                0x080064e8                vPortFree
 .text.prvHeapInit
                0x080065b0       0xc4 ./Middlewares/Third_Party/FreeRTOS/Source/portable/MemMang/heap_4.o
 .text.prvInsertBlockIntoFreeList
                0x08006674       0xb4 ./Middlewares/Third_Party/FreeRTOS/Source/portable/MemMang/heap_4.o
 .text.cs43l22_reset
                0x08006728       0x18 ./bsp/cs43l22/cs43l22.o
 .text.cs43l22_config
                0x08006740      0x2ac ./bsp/cs43l22/cs43l22.o
                0x08006740                cs43l22_config
 .text.init_microphone_task_notification
                0x080069ec       0x2c ./tasks/microphone-task/microphone-task-notification.o
                0x080069ec                init_microphone_task_notification
 .text.microphone_task
                0x08006a18       0x64 ./tasks/microphone-task/microphone_task.o
                0x08006a18                microphone_task
 .text.receive_raw_data
                0x08006a7c       0x34 ./tasks/microphone-task/microphone_task.o
 .text.microphone_error_handler
                0x08006ab0       0x14 ./tasks/microphone-task/microphone_task.o
 .text.HAL_I2S_RxHalfCpltCallback
                0x08006ac4       0x14 ./tasks/microphone-task/microphone_task.o
                0x08006ac4                HAL_I2S_RxHalfCpltCallback
 .text.HAL_I2S_RxCpltCallback
                0x08006ad8       0x20 ./tasks/microphone-task/microphone_task.o
                0x08006ad8                HAL_I2S_RxCpltCallback
 .text.init_signal_processing_task_notification
                0x08006af8       0x2c ./tasks/signal-processing-task/signal-processing-task-notification.o
                0x08006af8                init_signal_processing_task_notification
 .text.signal_processing_task_notify
                0x08006b24       0x40 ./tasks/signal-processing-task/signal-processing-task-notification.o
                0x08006b24                signal_processing_task_notify
 .text.wait_signal_processing_task_notification
                0x08006b64       0x50 ./tasks/signal-processing-task/signal-processing-task-notification.o
                0x08006b64                wait_signal_processing_task_notification
 .text.signal_processing_task
                0x08006bb4       0x2c ./tasks/signal-processing-task/signal_processing.o
                0x08006bb4                signal_processing_task
 .text.init_FIR_filter
                0x08006be0       0x2c ./tasks/signal-processing-task/signal_processing.o
 .text.task_compute_FIR
                0x08006c0c      0x104 ./tasks/signal-processing-task/signal_processing.o
 .text.init_speaker_task_notification
                0x08006d10       0x2c ./tasks/speaker-task/speaker-task-notification.o
                0x08006d10                init_speaker_task_notification
 .text.speaker_task_notify
                0x08006d3c       0x40 ./tasks/speaker-task/speaker-task-notification.o
                0x08006d3c                speaker_task_notify
 .text.wait_speaker_task_notification
                0x08006d7c       0x50 ./tasks/speaker-task/speaker-task-notification.o
                0x08006d7c                wait_speaker_task_notification
 .text.speaker_task
                0x08006dcc       0x40 ./tasks/speaker-task/speaker_task.o
                0x08006dcc                speaker_task
 .text.play_audio
                0x08006e0c       0x38 ./tasks/speaker-task/speaker_task.o
 .text.speaker_error_handler
                0x08006e44       0x16 ./tasks/speaker-task/speaker_task.o
 *fill*         0x08006e5a        0x2 
 .text.arm_fir_init_f32
                0x08006e5c       0x1c ../Middlewares/ST/ARM/DSP/Lib\libarm_cortexM4lf_math.a(arm_fir_init_f32.o)
                0x08006e5c                arm_fir_init_f32
 .text.arm_fir_f32
                0x08006e78      0x510 ../Middlewares/ST/ARM/DSP/Lib\libarm_cortexM4lf_math.a(arm_fir_f32.o)
                0x08006e78                arm_fir_f32
 .text.memset   0x08007388       0x10 C:/ST/STM32CubeIDE_1.15.1/STM32CubeIDE/plugins/com.st.stm32cube.ide.mcu.externaltools.gnu-tools-for-stm32.12.3.rel1.win32_1.0.200.202406191623/tools/bin/../lib/gcc/arm-none-eabi/12.3.1/../../../../arm-none-eabi/lib/thumb/v7e-m+fp/hard\libc_nano.a(libc_a-memset.o)
                0x08007388                memset
 .text.__libc_init_array
                0x08007398       0x48 C:/ST/STM32CubeIDE_1.15.1/STM32CubeIDE/plugins/com.st.stm32cube.ide.mcu.externaltools.gnu-tools-for-stm32.12.3.rel1.win32_1.0.200.202406191623/tools/bin/../lib/gcc/arm-none-eabi/12.3.1/../../../../arm-none-eabi/lib/thumb/v7e-m+fp/hard\libc_nano.a(libc_a-init.o)
                0x08007398                __libc_init_array
 .text.memcpy   0x080073e0       0x1c C:/ST/STM32CubeIDE_1.15.1/STM32CubeIDE/plugins/com.st.stm32cube.ide.mcu.externaltools.gnu-tools-for-stm32.12.3.rel1.win32_1.0.200.202406191623/tools/bin/../lib/gcc/arm-none-eabi/12.3.1/../../../../arm-none-eabi/lib/thumb/v7e-m+fp/hard\libc_nano.a(libc_a-memcpy-stub.o)
                0x080073e0                memcpy
 *(.glue_7)
 .glue_7        0x080073fc        0x0 linker stubs
 *(.glue_7t)
 .glue_7t       0x080073fc        0x0 linker stubs
 *(.eh_frame)
 .eh_frame      0x080073fc        0x0 C:/ST/STM32CubeIDE_1.15.1/STM32CubeIDE/plugins/com.st.stm32cube.ide.mcu.externaltools.gnu-tools-for-stm32.12.3.rel1.win32_1.0.200.202406191623/tools/bin/../lib/gcc/arm-none-eabi/12.3.1/thumb/v7e-m+fp/hard/crtbegin.o
 *(.init)
 .init          0x080073fc        0x4 C:/ST/STM32CubeIDE_1.15.1/STM32CubeIDE/plugins/com.st.stm32cube.ide.mcu.externaltools.gnu-tools-for-stm32.12.3.rel1.win32_1.0.200.202406191623/tools/bin/../lib/gcc/arm-none-eabi/12.3.1/thumb/v7e-m+fp/hard/crti.o
                0x080073fc                _init
 .init          0x08007400        0x8 C:/ST/STM32CubeIDE_1.15.1/STM32CubeIDE/plugins/com.st.stm32cube.ide.mcu.externaltools.gnu-tools-for-stm32.12.3.rel1.win32_1.0.200.202406191623/tools/bin/../lib/gcc/arm-none-eabi/12.3.1/thumb/v7e-m+fp/hard/crtn.o
 *(.fini)
 .fini          0x08007408        0x4 C:/ST/STM32CubeIDE_1.15.1/STM32CubeIDE/plugins/com.st.stm32cube.ide.mcu.externaltools.gnu-tools-for-stm32.12.3.rel1.win32_1.0.200.202406191623/tools/bin/../lib/gcc/arm-none-eabi/12.3.1/thumb/v7e-m+fp/hard/crti.o
                0x08007408                _fini
 .fini          0x0800740c        0x8 C:/ST/STM32CubeIDE_1.15.1/STM32CubeIDE/plugins/com.st.stm32cube.ide.mcu.externaltools.gnu-tools-for-stm32.12.3.rel1.win32_1.0.200.202406191623/tools/bin/../lib/gcc/arm-none-eabi/12.3.1/thumb/v7e-m+fp/hard/crtn.o
                0x08007414                        . = ALIGN (0x4)
                0x08007414                        _etext = .

.vfp11_veneer   0x08007414        0x0
 .vfp11_veneer  0x08007414        0x0 linker stubs

.v4_bx          0x08007414        0x0
 .v4_bx         0x08007414        0x0 linker stubs

.iplt           0x08007414        0x0
 .iplt          0x08007414        0x0 C:/ST/STM32CubeIDE_1.15.1/STM32CubeIDE/plugins/com.st.stm32cube.ide.mcu.externaltools.gnu-tools-for-stm32.12.3.rel1.win32_1.0.200.202406191623/tools/bin/../lib/gcc/arm-none-eabi/12.3.1/thumb/v7e-m+fp/hard/crtbegin.o

.rodata         0x08007414      0x14c
                0x08007414                        . = ALIGN (0x4)
 *(.rodata)
 .rodata        0x08007414       0x2c ./Core/Src/freertos.o
 .rodata        0x08007440        0x5 ./Middlewares/Third_Party/FreeRTOS/Source/tasks.o
 *fill*         0x08007445        0x3 
 .rodata        0x08007448        0xd ./Middlewares/Third_Party/FreeRTOS/Source/timers.o
 *(.rodata*)
 *fill*         0x08007455        0x3 
 .rodata.microphoneTask_attributes
                0x08007458       0x24 ./Core/Src/freertos.o
                0x08007458                microphoneTask_attributes
 .rodata.signalProcess_attributes
                0x0800747c       0x24 ./Core/Src/freertos.o
                0x0800747c                signalProcess_attributes
 .rodata.speakerTask_attributes
                0x080074a0       0x24 ./Core/Src/freertos.o
                0x080074a0                speakerTask_attributes
 .rodata.AHBPrescTable
                0x080074c4       0x10 ./Core/Src/system_stm32f4xx.o
                0x080074c4                AHBPrescTable
 .rodata.APBPrescTable
                0x080074d4        0x8 ./Core/Src/system_stm32f4xx.o
                0x080074d4                APBPrescTable
 .rodata.flagBitshiftOffset.0
                0x080074dc        0x8 ./Drivers/STM32F4xx_HAL_Driver/Src/stm32f4xx_hal_dma.o
 .rodata.filter_coeff
                0x080074e4       0x7c ./tasks/signal-processing-task/signal_processing.o
                0x080074e4                filter_coeff
                0x08007560                        . = ALIGN (0x4)

.ARM.extab      0x08007560        0x0
                0x08007560                        . = ALIGN (0x4)
 *(.ARM.extab* .gnu.linkonce.armextab.*)
                0x08007560                        . = ALIGN (0x4)

.ARM            0x08007560        0x8
                0x08007560                        . = ALIGN (0x4)
                0x08007560                        __exidx_start = .
 *(.ARM.exidx*)
 .ARM.exidx     0x08007560        0x8 C:/ST/STM32CubeIDE_1.15.1/STM32CubeIDE/plugins/com.st.stm32cube.ide.mcu.externaltools.gnu-tools-for-stm32.12.3.rel1.win32_1.0.200.202406191623/tools/bin/../lib/gcc/arm-none-eabi/12.3.1/thumb/v7e-m+fp/hard\libgcc.a(_udivmoddi4.o)
                0x08007568                        __exidx_end = .
                0x08007568                        . = ALIGN (0x4)

.preinit_array  0x08007568        0x0
                0x08007568                        . = ALIGN (0x4)
                0x08007568                        PROVIDE (__preinit_array_start = .)
 *(.preinit_array*)
                0x08007568                        PROVIDE (__preinit_array_end = .)
                0x08007568                        . = ALIGN (0x4)

.init_array     0x08007568        0x4
                0x08007568                        . = ALIGN (0x4)
                0x08007568                        PROVIDE (__init_array_start = .)
 *(SORT_BY_NAME(.init_array.*))
 *(.init_array*)
 .init_array    0x08007568        0x4 C:/ST/STM32CubeIDE_1.15.1/STM32CubeIDE/plugins/com.st.stm32cube.ide.mcu.externaltools.gnu-tools-for-stm32.12.3.rel1.win32_1.0.200.202406191623/tools/bin/../lib/gcc/arm-none-eabi/12.3.1/thumb/v7e-m+fp/hard/crtbegin.o
                0x0800756c                        PROVIDE (__init_array_end = .)
                0x0800756c                        . = ALIGN (0x4)

.fini_array     0x0800756c        0x4
                0x0800756c                        . = ALIGN (0x4)
                [!provide]                        PROVIDE (__fini_array_start = .)
 *(SORT_BY_NAME(.fini_array.*))
 *(.fini_array*)
 .fini_array    0x0800756c        0x4 C:/ST/STM32CubeIDE_1.15.1/STM32CubeIDE/plugins/com.st.stm32cube.ide.mcu.externaltools.gnu-tools-for-stm32.12.3.rel1.win32_1.0.200.202406191623/tools/bin/../lib/gcc/arm-none-eabi/12.3.1/thumb/v7e-m+fp/hard/crtbegin.o
                [!provide]                        PROVIDE (__fini_array_end = .)
                0x08007570                        . = ALIGN (0x4)
                0x08007570                        _sidata = LOADADDR (.data)

.rel.dyn        0x08007570        0x0
 .rel.iplt      0x08007570        0x0 C:/ST/STM32CubeIDE_1.15.1/STM32CubeIDE/plugins/com.st.stm32cube.ide.mcu.externaltools.gnu-tools-for-stm32.12.3.rel1.win32_1.0.200.202406191623/tools/bin/../lib/gcc/arm-none-eabi/12.3.1/thumb/v7e-m+fp/hard/crtbegin.o

.data           0x20000000       0x10 load address 0x08007570
                0x20000000                        . = ALIGN (0x4)
                0x20000000                        _sdata = .
 *(.data)
 *(.data*)
 .data.SystemCoreClock
                0x20000000        0x4 ./Core/Src/system_stm32f4xx.o
                0x20000000                SystemCoreClock
 .data.uwTickPrio
                0x20000004        0x4 ./Drivers/STM32F4xx_HAL_Driver/Src/stm32f4xx_hal.o
                0x20000004                uwTickPrio
 .data.uwTickFreq
                0x20000008        0x1 ./Drivers/STM32F4xx_HAL_Driver/Src/stm32f4xx_hal.o
                0x20000008                uwTickFreq
 *fill*         0x20000009        0x3 
 .data.uxCriticalNesting
                0x2000000c        0x4 ./Middlewares/Third_Party/FreeRTOS/Source/portable/GCC/ARM_CM4F/port.o
 *(.RamFunc)
 *(.RamFunc*)
                0x20000010                        . = ALIGN (0x4)
                0x20000010                        _edata = .
                0x08007580                        _siccmram = LOADADDR (.ccmram)

.igot.plt       0x20000010        0x0 load address 0x08007580
 .igot.plt      0x20000010        0x0 C:/ST/STM32CubeIDE_1.15.1/STM32CubeIDE/plugins/com.st.stm32cube.ide.mcu.externaltools.gnu-tools-for-stm32.12.3.rel1.win32_1.0.200.202406191623/tools/bin/../lib/gcc/arm-none-eabi/12.3.1/thumb/v7e-m+fp/hard/crtbegin.o

.ccmram         0x10000000        0x0 load address 0x08007580
                0x10000000                        . = ALIGN (0x4)
                0x10000000                        _sccmram = .
 *(.ccmram)
 *(.ccmram*)
                0x10000000                        . = ALIGN (0x4)
                0x10000000                        _eccmram = .
                0x10000000                        . = ALIGN (0x4)

.bss            0x20000010     0x5bbc
                0x20000010                        _sbss = .
                0x20000010                        __bss_start__ = _sbss
 *(.bss)
 .bss           0x20000010       0x1c C:/ST/STM32CubeIDE_1.15.1/STM32CubeIDE/plugins/com.st.stm32cube.ide.mcu.externaltools.gnu-tools-for-stm32.12.3.rel1.win32_1.0.200.202406191623/tools/bin/../lib/gcc/arm-none-eabi/12.3.1/thumb/v7e-m+fp/hard/crtbegin.o
 *(.bss*)
 .bss.microphoneTaskHandle
                0x2000002c        0x4 ./Core/Src/freertos.o
                0x2000002c                microphoneTaskHandle
 .bss.signalProcessHandle
                0x20000030        0x4 ./Core/Src/freertos.o
                0x20000030                signalProcessHandle
 .bss.speakerTaskHandle
                0x20000034        0x4 ./Core/Src/freertos.o
                0x20000034                speakerTaskHandle
 .bss.hi2c1     0x20000038       0x54 ./Core/Src/i2c.o
                0x20000038                hi2c1
 .bss.hi2s2     0x2000008c       0x48 ./Core/Src/i2s.o
                0x2000008c                hi2s2
 .bss.hi2s3     0x200000d4       0x48 ./Core/Src/i2s.o
                0x200000d4                hi2s3
 .bss.hdma_spi2_rx
                0x2000011c       0x60 ./Core/Src/i2s.o
                0x2000011c                hdma_spi2_rx
 .bss.hdma_spi3_tx
                0x2000017c       0x60 ./Core/Src/i2s.o
                0x2000017c                hdma_spi3_tx
 .bss.uwTick    0x200001dc        0x4 ./Drivers/STM32F4xx_HAL_Driver/Src/stm32f4xx_hal.o
                0x200001dc                uwTick
 .bss.KernelState
                0x200001e0        0x4 ./Middlewares/Third_Party/FreeRTOS/Source/CMSIS_RTOS_V2/cmsis_os2.o
 .bss.Idle_TCB.3
                0x200001e4       0x5c ./Middlewares/Third_Party/FreeRTOS/Source/CMSIS_RTOS_V2/cmsis_os2.o
 .bss.Idle_Stack.2
                0x20000240      0x200 ./Middlewares/Third_Party/FreeRTOS/Source/CMSIS_RTOS_V2/cmsis_os2.o
 .bss.Timer_TCB.1
                0x20000440       0x5c ./Middlewares/Third_Party/FreeRTOS/Source/CMSIS_RTOS_V2/cmsis_os2.o
 .bss.Timer_Stack.0
                0x2000049c      0x400 ./Middlewares/Third_Party/FreeRTOS/Source/CMSIS_RTOS_V2/cmsis_os2.o
 .bss.xQueueRegistry
                0x2000089c       0x40 ./Middlewares/Third_Party/FreeRTOS/Source/queue.o
                0x2000089c                xQueueRegistry
 .bss.pxCurrentTCB
                0x200008dc        0x4 ./Middlewares/Third_Party/FreeRTOS/Source/tasks.o
                0x200008dc                pxCurrentTCB
 .bss.pxReadyTasksLists
                0x200008e0      0x460 ./Middlewares/Third_Party/FreeRTOS/Source/tasks.o
 .bss.xDelayedTaskList1
                0x20000d40       0x14 ./Middlewares/Third_Party/FreeRTOS/Source/tasks.o
 .bss.xDelayedTaskList2
                0x20000d54       0x14 ./Middlewares/Third_Party/FreeRTOS/Source/tasks.o
 .bss.pxDelayedTaskList
                0x20000d68        0x4 ./Middlewares/Third_Party/FreeRTOS/Source/tasks.o
 .bss.pxOverflowDelayedTaskList
                0x20000d6c        0x4 ./Middlewares/Third_Party/FreeRTOS/Source/tasks.o
 .bss.xPendingReadyList
                0x20000d70       0x14 ./Middlewares/Third_Party/FreeRTOS/Source/tasks.o
 .bss.xTasksWaitingTermination
                0x20000d84       0x14 ./Middlewares/Third_Party/FreeRTOS/Source/tasks.o
 .bss.uxDeletedTasksWaitingCleanUp
                0x20000d98        0x4 ./Middlewares/Third_Party/FreeRTOS/Source/tasks.o
 .bss.xSuspendedTaskList
                0x20000d9c       0x14 ./Middlewares/Third_Party/FreeRTOS/Source/tasks.o
 .bss.uxCurrentNumberOfTasks
                0x20000db0        0x4 ./Middlewares/Third_Party/FreeRTOS/Source/tasks.o
 .bss.xTickCount
                0x20000db4        0x4 ./Middlewares/Third_Party/FreeRTOS/Source/tasks.o
 .bss.uxTopReadyPriority
                0x20000db8        0x4 ./Middlewares/Third_Party/FreeRTOS/Source/tasks.o
 .bss.xSchedulerRunning
                0x20000dbc        0x4 ./Middlewares/Third_Party/FreeRTOS/Source/tasks.o
 .bss.xPendedTicks
                0x20000dc0        0x4 ./Middlewares/Third_Party/FreeRTOS/Source/tasks.o
 .bss.xYieldPending
                0x20000dc4        0x4 ./Middlewares/Third_Party/FreeRTOS/Source/tasks.o
 .bss.xNumOfOverflows
                0x20000dc8        0x4 ./Middlewares/Third_Party/FreeRTOS/Source/tasks.o
 .bss.uxTaskNumber
                0x20000dcc        0x4 ./Middlewares/Third_Party/FreeRTOS/Source/tasks.o
 .bss.xNextTaskUnblockTime
                0x20000dd0        0x4 ./Middlewares/Third_Party/FreeRTOS/Source/tasks.o
 .bss.xIdleTaskHandle
                0x20000dd4        0x4 ./Middlewares/Third_Party/FreeRTOS/Source/tasks.o
 .bss.uxSchedulerSuspended
                0x20000dd8        0x4 ./Middlewares/Third_Party/FreeRTOS/Source/tasks.o
 .bss.xActiveTimerList1
                0x20000ddc       0x14 ./Middlewares/Third_Party/FreeRTOS/Source/timers.o
 .bss.xActiveTimerList2
                0x20000df0       0x14 ./Middlewares/Third_Party/FreeRTOS/Source/timers.o
 .bss.pxCurrentTimerList
                0x20000e04        0x4 ./Middlewares/Third_Party/FreeRTOS/Source/timers.o
 .bss.pxOverflowTimerList
                0x20000e08        0x4 ./Middlewares/Third_Party/FreeRTOS/Source/timers.o
 .bss.xTimerQueue
                0x20000e0c        0x4 ./Middlewares/Third_Party/FreeRTOS/Source/timers.o
 .bss.xTimerTaskHandle
                0x20000e10        0x4 ./Middlewares/Third_Party/FreeRTOS/Source/timers.o
 .bss.xLastTime.2
                0x20000e14        0x4 ./Middlewares/Third_Party/FreeRTOS/Source/timers.o
 .bss.ucStaticTimerQueueStorage.1
                0x20000e18       0xa0 ./Middlewares/Third_Party/FreeRTOS/Source/timers.o
 .bss.xStaticTimerQueue.0
                0x20000eb8       0x50 ./Middlewares/Third_Party/FreeRTOS/Source/timers.o
 .bss.ucMaxSysCallPriority
                0x20000f08        0x1 ./Middlewares/Third_Party/FreeRTOS/Source/portable/GCC/ARM_CM4F/port.o
 *fill*         0x20000f09        0x3 
 .bss.ulMaxPRIGROUPValue
                0x20000f0c        0x4 ./Middlewares/Third_Party/FreeRTOS/Source/portable/GCC/ARM_CM4F/port.o
 .bss.ucHeap    0x20000f10     0x3c00 ./Middlewares/Third_Party/FreeRTOS/Source/portable/MemMang/heap_4.o
 .bss.xStart    0x20004b10        0x8 ./Middlewares/Third_Party/FreeRTOS/Source/portable/MemMang/heap_4.o
 .bss.pxEnd     0x20004b18        0x4 ./Middlewares/Third_Party/FreeRTOS/Source/portable/MemMang/heap_4.o
 .bss.xFreeBytesRemaining
                0x20004b1c        0x4 ./Middlewares/Third_Party/FreeRTOS/Source/portable/MemMang/heap_4.o
 .bss.xMinimumEverFreeBytesRemaining
                0x20004b20        0x4 ./Middlewares/Third_Party/FreeRTOS/Source/portable/MemMang/heap_4.o
 .bss.xNumberOfSuccessfulAllocations
                0x20004b24        0x4 ./Middlewares/Third_Party/FreeRTOS/Source/portable/MemMang/heap_4.o
 .bss.xNumberOfSuccessfulFrees
                0x20004b28        0x4 ./Middlewares/Third_Party/FreeRTOS/Source/portable/MemMang/heap_4.o
 .bss.xBlockAllocatedBit
                0x20004b2c        0x4 ./Middlewares/Third_Party/FreeRTOS/Source/portable/MemMang/heap_4.o
 .bss.microphone_queue
                0x20004b30        0x4 ./tasks/microphone-task/microphone-task-notification.o
                0x20004b30                microphone_queue
 .bss.mic_buffer
                0x20004b34      0x400 ./tasks/microphone-task/microphone_task.o
                0x20004b34                mic_buffer
 .bss.is_data_ready_to_send
                0x20004f34        0x1 ./tasks/microphone-task/microphone_task.o
                0x20004f34                is_data_ready_to_send
 *fill*         0x20004f35        0x3 
 .bss.signal_processing_queue
                0x20004f38        0x4 ./tasks/signal-processing-task/signal-processing-task-notification.o
                0x20004f38                signal_processing_queue
 .bss.fir_filter
                0x20004f3c        0xc ./tasks/signal-processing-task/signal_processing.o
                0x20004f3c                fir_filter
 .bss.filter_state
                0x20004f48      0x480 ./tasks/signal-processing-task/signal_processing.o
                0x20004f48                filter_state
 .bss.fir_filter_input
                0x200053c8      0x400 ./tasks/signal-processing-task/signal_processing.o
                0x200053c8                fir_filter_input
 .bss.fir_filter_output
                0x200057c8      0x400 ./tasks/signal-processing-task/signal_processing.o
                0x200057c8                fir_filter_output
 .bss.speaker_queue
                0x20005bc8        0x4 ./tasks/speaker-task/speaker-task-notification.o
                0x20005bc8                speaker_queue
 *(COMMON)
                0x20005bcc                        . = ALIGN (0x4)
                0x20005bcc                        _ebss = .
                0x20005bcc                        __bss_end__ = _ebss

._user_heap_stack
                0x20005bcc      0x604
                0x20005bd0                        . = ALIGN (0x8)
 *fill*         0x20005bcc        0x4 
                [!provide]                        PROVIDE (end = .)
                0x20005bd0                        PROVIDE (_end = .)
                0x20005dd0                        . = (. + _Min_Heap_Size)
 *fill*         0x20005bd0      0x200 
                0x200061d0                        . = (. + _Min_Stack_Size)
 *fill*         0x20005dd0      0x400 
                0x200061d0                        . = ALIGN (0x8)

/DISCARD/
 libc.a(*)
 libm.a(*)
 libgcc.a(*)

.ARM.attributes
                0x00000000       0x30
 *(.ARM.attributes)
 .ARM.attributes
                0x00000000       0x22 C:/ST/STM32CubeIDE_1.15.1/STM32CubeIDE/plugins/com.st.stm32cube.ide.mcu.externaltools.gnu-tools-for-stm32.12.3.rel1.win32_1.0.200.202406191623/tools/bin/../lib/gcc/arm-none-eabi/12.3.1/thumb/v7e-m+fp/hard/crti.o
 .ARM.attributes
                0x00000022       0x34 C:/ST/STM32CubeIDE_1.15.1/STM32CubeIDE/plugins/com.st.stm32cube.ide.mcu.externaltools.gnu-tools-for-stm32.12.3.rel1.win32_1.0.200.202406191623/tools/bin/../lib/gcc/arm-none-eabi/12.3.1/thumb/v7e-m+fp/hard/crtbegin.o
 .ARM.attributes
                0x00000056       0x34 ./Core/Src/dma.o
 .ARM.attributes
                0x0000008a       0x34 ./Core/Src/freertos.o
 .ARM.attributes
                0x000000be       0x34 ./Core/Src/gpio.o
 .ARM.attributes
                0x000000f2       0x34 ./Core/Src/i2c.o
 .ARM.attributes
                0x00000126       0x34 ./Core/Src/i2s.o
 .ARM.attributes
                0x0000015a       0x34 ./Core/Src/main.o
 .ARM.attributes
                0x0000018e       0x34 ./Core/Src/stm32f4xx_hal_msp.o
 .ARM.attributes
                0x000001c2       0x34 ./Core/Src/stm32f4xx_it.o
 .ARM.attributes
                0x000001f6       0x34 ./Core/Src/system_stm32f4xx.o
 .ARM.attributes
                0x0000022a       0x21 ./Core/Startup/startup_stm32f407vgtx.o
 .ARM.attributes
                0x0000024b       0x34 ./Drivers/STM32F4xx_HAL_Driver/Src/stm32f4xx_hal.o
 .ARM.attributes
                0x0000027f       0x34 ./Drivers/STM32F4xx_HAL_Driver/Src/stm32f4xx_hal_cortex.o
 .ARM.attributes
                0x000002b3       0x34 ./Drivers/STM32F4xx_HAL_Driver/Src/stm32f4xx_hal_dma.o
 .ARM.attributes
                0x000002e7       0x34 ./Drivers/STM32F4xx_HAL_Driver/Src/stm32f4xx_hal_gpio.o
 .ARM.attributes
                0x0000031b       0x34 ./Drivers/STM32F4xx_HAL_Driver/Src/stm32f4xx_hal_i2c.o
 .ARM.attributes
                0x0000034f       0x34 ./Drivers/STM32F4xx_HAL_Driver/Src/stm32f4xx_hal_i2s.o
 .ARM.attributes
                0x00000383       0x34 ./Drivers/STM32F4xx_HAL_Driver/Src/stm32f4xx_hal_i2s_ex.o
 .ARM.attributes
                0x000003b7       0x34 ./Drivers/STM32F4xx_HAL_Driver/Src/stm32f4xx_hal_rcc.o
 .ARM.attributes
                0x000003eb       0x34 ./Drivers/STM32F4xx_HAL_Driver/Src/stm32f4xx_hal_rcc_ex.o
 .ARM.attributes
                0x0000041f       0x34 ./Middlewares/Third_Party/FreeRTOS/Source/CMSIS_RTOS_V2/cmsis_os2.o
 .ARM.attributes
                0x00000453       0x34 ./Middlewares/Third_Party/FreeRTOS/Source/list.o
 .ARM.attributes
                0x00000487       0x34 ./Middlewares/Third_Party/FreeRTOS/Source/queue.o
 .ARM.attributes
                0x000004bb       0x34 ./Middlewares/Third_Party/FreeRTOS/Source/tasks.o
 .ARM.attributes
                0x000004ef       0x34 ./Middlewares/Third_Party/FreeRTOS/Source/timers.o
 .ARM.attributes
                0x00000523       0x34 ./Middlewares/Third_Party/FreeRTOS/Source/portable/GCC/ARM_CM4F/port.o
 .ARM.attributes
                0x00000557       0x34 ./Middlewares/Third_Party/FreeRTOS/Source/portable/MemMang/heap_4.o
 .ARM.attributes
                0x0000058b       0x34 ./bsp/cs43l22/cs43l22.o
 .ARM.attributes
                0x000005bf       0x34 ./tasks/microphone-task/microphone-task-notification.o
 .ARM.attributes
                0x000005f3       0x34 ./tasks/microphone-task/microphone_task.o
 .ARM.attributes
                0x00000627       0x34 ./tasks/signal-processing-task/signal-processing-task-notification.o
 .ARM.attributes
                0x0000065b       0x34 ./tasks/signal-processing-task/signal_processing.o
 .ARM.attributes
                0x0000068f       0x34 ./tasks/speaker-task/speaker-task-notification.o
 .ARM.attributes
                0x000006c3       0x34 ./tasks/speaker-task/speaker_task.o
 .ARM.attributes
                0x000006f7       0x34 ../Middlewares/ST/ARM/DSP/Lib\libarm_cortexM4lf_math.a(arm_fir_init_f32.o)
 .ARM.attributes
                0x0000072b       0x34 ../Middlewares/ST/ARM/DSP/Lib\libarm_cortexM4lf_math.a(arm_fir_f32.o)
 .ARM.attributes
                0x0000075f       0x34 C:/ST/STM32CubeIDE_1.15.1/STM32CubeIDE/plugins/com.st.stm32cube.ide.mcu.externaltools.gnu-tools-for-stm32.12.3.rel1.win32_1.0.200.202406191623/tools/bin/../lib/gcc/arm-none-eabi/12.3.1/../../../../arm-none-eabi/lib/thumb/v7e-m+fp/hard\libc_nano.a(libc_a-memset.o)
 .ARM.attributes
                0x00000793       0x34 C:/ST/STM32CubeIDE_1.15.1/STM32CubeIDE/plugins/com.st.stm32cube.ide.mcu.externaltools.gnu-tools-for-stm32.12.3.rel1.win32_1.0.200.202406191623/tools/bin/../lib/gcc/arm-none-eabi/12.3.1/../../../../arm-none-eabi/lib/thumb/v7e-m+fp/hard\libc_nano.a(libc_a-init.o)
 .ARM.attributes
                0x000007c7       0x34 C:/ST/STM32CubeIDE_1.15.1/STM32CubeIDE/plugins/com.st.stm32cube.ide.mcu.externaltools.gnu-tools-for-stm32.12.3.rel1.win32_1.0.200.202406191623/tools/bin/../lib/gcc/arm-none-eabi/12.3.1/../../../../arm-none-eabi/lib/thumb/v7e-m+fp/hard\libc_nano.a(libc_a-memcpy-stub.o)
 .ARM.attributes
                0x000007fb       0x22 C:/ST/STM32CubeIDE_1.15.1/STM32CubeIDE/plugins/com.st.stm32cube.ide.mcu.externaltools.gnu-tools-for-stm32.12.3.rel1.win32_1.0.200.202406191623/tools/bin/../lib/gcc/arm-none-eabi/12.3.1/thumb/v7e-m+fp/hard\libgcc.a(_aeabi_uldivmod.o)
 .ARM.attributes
                0x0000081d       0x34 C:/ST/STM32CubeIDE_1.15.1/STM32CubeIDE/plugins/com.st.stm32cube.ide.mcu.externaltools.gnu-tools-for-stm32.12.3.rel1.win32_1.0.200.202406191623/tools/bin/../lib/gcc/arm-none-eabi/12.3.1/thumb/v7e-m+fp/hard\libgcc.a(_udivmoddi4.o)
 .ARM.attributes
                0x00000851       0x22 C:/ST/STM32CubeIDE_1.15.1/STM32CubeIDE/plugins/com.st.stm32cube.ide.mcu.externaltools.gnu-tools-for-stm32.12.3.rel1.win32_1.0.200.202406191623/tools/bin/../lib/gcc/arm-none-eabi/12.3.1/thumb/v7e-m+fp/hard\libgcc.a(_dvmd_tls.o)
 .ARM.attributes
                0x00000873       0x22 C:/ST/STM32CubeIDE_1.15.1/STM32CubeIDE/plugins/com.st.stm32cube.ide.mcu.externaltools.gnu-tools-for-stm32.12.3.rel1.win32_1.0.200.202406191623/tools/bin/../lib/gcc/arm-none-eabi/12.3.1/thumb/v7e-m+fp/hard/crtn.o
OUTPUT(voice-app.elf elf32-littlearm)
LOAD linker stubs
LOAD C:/ST/STM32CubeIDE_1.15.1/STM32CubeIDE/plugins/com.st.stm32cube.ide.mcu.externaltools.gnu-tools-for-stm32.12.3.rel1.win32_1.0.200.202406191623/tools/bin/../lib/gcc/arm-none-eabi/12.3.1/../../../../arm-none-eabi/lib/thumb/v7e-m+fp/hard\libc.a
LOAD C:/ST/STM32CubeIDE_1.15.1/STM32CubeIDE/plugins/com.st.stm32cube.ide.mcu.externaltools.gnu-tools-for-stm32.12.3.rel1.win32_1.0.200.202406191623/tools/bin/../lib/gcc/arm-none-eabi/12.3.1/../../../../arm-none-eabi/lib/thumb/v7e-m+fp/hard\libm.a
LOAD C:/ST/STM32CubeIDE_1.15.1/STM32CubeIDE/plugins/com.st.stm32cube.ide.mcu.externaltools.gnu-tools-for-stm32.12.3.rel1.win32_1.0.200.202406191623/tools/bin/../lib/gcc/arm-none-eabi/12.3.1/thumb/v7e-m+fp/hard\libgcc.a

.debug_info     0x00000000    0x1785e
 .debug_info    0x00000000      0x4ad ./Core/Src/dma.o
 .debug_info    0x000004ad      0x402 ./Core/Src/freertos.o
 .debug_info    0x000008af      0x409 ./Core/Src/gpio.o
 .debug_info    0x00000cb8      0x968 ./Core/Src/i2c.o
 .debug_info    0x00001620      0x9f1 ./Core/Src/i2s.o
 .debug_info    0x00002011      0x64e ./Core/Src/main.o
 .debug_info    0x0000265f      0x4b7 ./Core/Src/stm32f4xx_hal_msp.o
 .debug_info    0x00002b16      0x3c9 ./Core/Src/stm32f4xx_it.o
 .debug_info    0x00002edf      0x512 ./Core/Src/system_stm32f4xx.o
 .debug_info    0x000033f1       0x30 ./Core/Startup/startup_stm32f407vgtx.o
 .debug_info    0x00003421      0x944 ./Drivers/STM32F4xx_HAL_Driver/Src/stm32f4xx_hal.o
 .debug_info    0x00003d65      0xd8c ./Drivers/STM32F4xx_HAL_Driver/Src/stm32f4xx_hal_cortex.o
 .debug_info    0x00004af1      0x8e7 ./Drivers/STM32F4xx_HAL_Driver/Src/stm32f4xx_hal_dma.o
 .debug_info    0x000053d8      0x6c3 ./Drivers/STM32F4xx_HAL_Driver/Src/stm32f4xx_hal_gpio.o
 .debug_info    0x00005a9b     0x2415 ./Drivers/STM32F4xx_HAL_Driver/Src/stm32f4xx_hal_i2c.o
 .debug_info    0x00007eb0      0xdf8 ./Drivers/STM32F4xx_HAL_Driver/Src/stm32f4xx_hal_i2s.o
 .debug_info    0x00008ca8      0xa9f ./Drivers/STM32F4xx_HAL_Driver/Src/stm32f4xx_hal_i2s_ex.o
 .debug_info    0x00009747      0x8af ./Drivers/STM32F4xx_HAL_Driver/Src/stm32f4xx_hal_rcc.o
 .debug_info    0x00009ff6      0x536 ./Drivers/STM32F4xx_HAL_Driver/Src/stm32f4xx_hal_rcc_ex.o
 .debug_info    0x0000a52c     0x3a52 ./Middlewares/Third_Party/FreeRTOS/Source/CMSIS_RTOS_V2/cmsis_os2.o
 .debug_info    0x0000df7e      0x2af ./Middlewares/Third_Party/FreeRTOS/Source/list.o
 .debug_info    0x0000e22d     0x1b79 ./Middlewares/Third_Party/FreeRTOS/Source/queue.o
 .debug_info    0x0000fda6     0x21ec ./Middlewares/Third_Party/FreeRTOS/Source/tasks.o
 .debug_info    0x00011f92     0x1488 ./Middlewares/Third_Party/FreeRTOS/Source/timers.o
 .debug_info    0x0001341a      0x4de ./Middlewares/Third_Party/FreeRTOS/Source/portable/GCC/ARM_CM4F/port.o
 .debug_info    0x000138f8      0x4d5 ./Middlewares/Third_Party/FreeRTOS/Source/portable/MemMang/heap_4.o
 .debug_info    0x00013dcd      0x74b ./bsp/cs43l22/cs43l22.o
 .debug_info    0x00014518      0x263 ./tasks/microphone-task/microphone-task-notification.o
 .debug_info    0x0001477b      0x7f3 ./tasks/microphone-task/microphone_task.o
 .debug_info    0x00014f6e      0x255 ./tasks/signal-processing-task/signal-processing-task-notification.o
 .debug_info    0x000151c3      0x426 ./tasks/signal-processing-task/signal_processing.o
 .debug_info    0x000155e9      0x247 ./tasks/speaker-task/speaker-task-notification.o
 .debug_info    0x00015830      0x745 ./tasks/speaker-task/speaker_task.o
 .debug_info    0x00015f75      0xb82 ../Middlewares/ST/ARM/DSP/Lib\libarm_cortexM4lf_math.a(arm_fir_init_f32.o)
 .debug_info    0x00016af7      0xd67 ../Middlewares/ST/ARM/DSP/Lib\libarm_cortexM4lf_math.a(arm_fir_f32.o)

.debug_abbrev   0x00000000     0x47c6
 .debug_abbrev  0x00000000      0x10e ./Core/Src/dma.o
 .debug_abbrev  0x0000010e      0x13b ./Core/Src/freertos.o
 .debug_abbrev  0x00000249      0x152 ./Core/Src/gpio.o
 .debug_abbrev  0x0000039b      0x1f1 ./Core/Src/i2c.o
 .debug_abbrev  0x0000058c      0x20e ./Core/Src/i2s.o
 .debug_abbrev  0x0000079a      0x1fd ./Core/Src/main.o
 .debug_abbrev  0x00000997      0x119 ./Core/Src/stm32f4xx_hal_msp.o
 .debug_abbrev  0x00000ab0      0x180 ./Core/Src/stm32f4xx_it.o
 .debug_abbrev  0x00000c30      0x11a ./Core/Src/system_stm32f4xx.o
 .debug_abbrev  0x00000d4a       0x24 ./Core/Startup/startup_stm32f407vgtx.o
 .debug_abbrev  0x00000d6e      0x214 ./Drivers/STM32F4xx_HAL_Driver/Src/stm32f4xx_hal.o
 .debug_abbrev  0x00000f82      0x31d ./Drivers/STM32F4xx_HAL_Driver/Src/stm32f4xx_hal_cortex.o
 .debug_abbrev  0x0000129f      0x264 ./Drivers/STM32F4xx_HAL_Driver/Src/stm32f4xx_hal_dma.o
 .debug_abbrev  0x00001503      0x1d4 ./Drivers/STM32F4xx_HAL_Driver/Src/stm32f4xx_hal_gpio.o
 .debug_abbrev  0x000016d7      0x2ad ./Drivers/STM32F4xx_HAL_Driver/Src/stm32f4xx_hal_i2c.o
 .debug_abbrev  0x00001984      0x256 ./Drivers/STM32F4xx_HAL_Driver/Src/stm32f4xx_hal_i2s.o
 .debug_abbrev  0x00001bda      0x276 ./Drivers/STM32F4xx_HAL_Driver/Src/stm32f4xx_hal_i2s_ex.o
 .debug_abbrev  0x00001e50      0x2b7 ./Drivers/STM32F4xx_HAL_Driver/Src/stm32f4xx_hal_rcc.o
 .debug_abbrev  0x00002107      0x1b0 ./Drivers/STM32F4xx_HAL_Driver/Src/stm32f4xx_hal_rcc_ex.o
 .debug_abbrev  0x000022b7      0x508 ./Middlewares/Third_Party/FreeRTOS/Source/CMSIS_RTOS_V2/cmsis_os2.o
 .debug_abbrev  0x000027bf       0xf5 ./Middlewares/Third_Party/FreeRTOS/Source/list.o
 .debug_abbrev  0x000028b4      0x3b6 ./Middlewares/Third_Party/FreeRTOS/Source/queue.o
 .debug_abbrev  0x00002c6a      0x386 ./Middlewares/Third_Party/FreeRTOS/Source/tasks.o
 .debug_abbrev  0x00002ff0      0x352 ./Middlewares/Third_Party/FreeRTOS/Source/timers.o
 .debug_abbrev  0x00003342      0x25c ./Middlewares/Third_Party/FreeRTOS/Source/portable/GCC/ARM_CM4F/port.o
 .debug_abbrev  0x0000359e      0x21d ./Middlewares/Third_Party/FreeRTOS/Source/portable/MemMang/heap_4.o
 .debug_abbrev  0x000037bb      0x18e ./bsp/cs43l22/cs43l22.o
 .debug_abbrev  0x00003949      0x151 ./tasks/microphone-task/microphone-task-notification.o
 .debug_abbrev  0x00003a9a      0x24e ./tasks/microphone-task/microphone_task.o
 .debug_abbrev  0x00003ce8      0x12c ./tasks/signal-processing-task/signal-processing-task-notification.o
 .debug_abbrev  0x00003e14      0x212 ./tasks/signal-processing-task/signal_processing.o
 .debug_abbrev  0x00004026      0x12c ./tasks/speaker-task/speaker-task-notification.o
 .debug_abbrev  0x00004152      0x238 ./tasks/speaker-task/speaker_task.o
 .debug_abbrev  0x0000438a      0x227 ../Middlewares/ST/ARM/DSP/Lib\libarm_cortexM4lf_math.a(arm_fir_init_f32.o)
 .debug_abbrev  0x000045b1      0x215 ../Middlewares/ST/ARM/DSP/Lib\libarm_cortexM4lf_math.a(arm_fir_f32.o)

.debug_aranges  0x00000000     0x13a0
 .debug_aranges
                0x00000000       0x20 ./Core/Src/dma.o
 .debug_aranges
                0x00000020       0x38 ./Core/Src/freertos.o
 .debug_aranges
                0x00000058       0x20 ./Core/Src/gpio.o
 .debug_aranges
                0x00000078       0x30 ./Core/Src/i2c.o
 .debug_aranges
                0x000000a8       0x38 ./Core/Src/i2s.o
 .debug_aranges
                0x000000e0       0x38 ./Core/Src/main.o
 .debug_aranges
                0x00000118       0x20 ./Core/Src/stm32f4xx_hal_msp.o
 .debug_aranges
                0x00000138       0x60 ./Core/Src/stm32f4xx_it.o
 .debug_aranges
                0x00000198       0x28 ./Core/Src/system_stm32f4xx.o
 .debug_aranges
                0x000001c0       0x28 ./Core/Startup/startup_stm32f407vgtx.o
 .debug_aranges
                0x000001e8       0xf0 ./Drivers/STM32F4xx_HAL_Driver/Src/stm32f4xx_hal.o
 .debug_aranges
                0x000002d8      0x130 ./Drivers/STM32F4xx_HAL_Driver/Src/stm32f4xx_hal_cortex.o
 .debug_aranges
                0x00000408       0x90 ./Drivers/STM32F4xx_HAL_Driver/Src/stm32f4xx_hal_dma.o
 .debug_aranges
                0x00000498       0x58 ./Drivers/STM32F4xx_HAL_Driver/Src/stm32f4xx_hal_gpio.o
 .debug_aranges
                0x000004f0      0x2a8 ./Drivers/STM32F4xx_HAL_Driver/Src/stm32f4xx_hal_i2c.o
 .debug_aranges
                0x00000798      0x108 ./Drivers/STM32F4xx_HAL_Driver/Src/stm32f4xx_hal_i2s.o
 .debug_aranges
                0x000008a0       0x88 ./Drivers/STM32F4xx_HAL_Driver/Src/stm32f4xx_hal_i2s_ex.o
 .debug_aranges
                0x00000928       0x88 ./Drivers/STM32F4xx_HAL_Driver/Src/stm32f4xx_hal_rcc.o
 .debug_aranges
                0x000009b0       0x48 ./Drivers/STM32F4xx_HAL_Driver/Src/stm32f4xx_hal_rcc_ex.o
 .debug_aranges
                0x000009f8      0x2a8 ./Middlewares/Third_Party/FreeRTOS/Source/CMSIS_RTOS_V2/cmsis_os2.o
 .debug_aranges
                0x00000ca0       0x40 ./Middlewares/Third_Party/FreeRTOS/Source/list.o
 .debug_aranges
                0x00000ce0      0x158 ./Middlewares/Third_Party/FreeRTOS/Source/queue.o
 .debug_aranges
                0x00000e38      0x208 ./Middlewares/Third_Party/FreeRTOS/Source/tasks.o
 .debug_aranges
                0x00001040       0xf0 ./Middlewares/Third_Party/FreeRTOS/Source/timers.o
 .debug_aranges
                0x00001130       0x80 ./Middlewares/Third_Party/FreeRTOS/Source/portable/GCC/ARM_CM4F/port.o
 .debug_aranges
                0x000011b0       0x58 ./Middlewares/Third_Party/FreeRTOS/Source/portable/MemMang/heap_4.o
 .debug_aranges
                0x00001208       0x28 ./bsp/cs43l22/cs43l22.o
 .debug_aranges
                0x00001230       0x30 ./tasks/microphone-task/microphone-task-notification.o
 .debug_aranges
                0x00001260       0x40 ./tasks/microphone-task/microphone_task.o
 .debug_aranges
                0x000012a0       0x30 ./tasks/signal-processing-task/signal-processing-task-notification.o
 .debug_aranges
                0x000012d0       0x30 ./tasks/signal-processing-task/signal_processing.o
 .debug_aranges
                0x00001300       0x30 ./tasks/speaker-task/speaker-task-notification.o
 .debug_aranges
                0x00001330       0x30 ./tasks/speaker-task/speaker_task.o
 .debug_aranges
                0x00001360       0x20 ../Middlewares/ST/ARM/DSP/Lib\libarm_cortexM4lf_math.a(arm_fir_init_f32.o)
 .debug_aranges
                0x00001380       0x20 ../Middlewares/ST/ARM/DSP/Lib\libarm_cortexM4lf_math.a(arm_fir_f32.o)

.debug_rnglists
                0x00000000      0xea5
 .debug_rnglists
                0x00000000       0x13 ./Core/Src/dma.o
 .debug_rnglists
                0x00000013       0x25 ./Core/Src/freertos.o
 .debug_rnglists
                0x00000038       0x14 ./Core/Src/gpio.o
 .debug_rnglists
                0x0000004c       0x20 ./Core/Src/i2c.o
 .debug_rnglists
                0x0000006c       0x27 ./Core/Src/i2s.o
 .debug_rnglists
                0x00000093       0x26 ./Core/Src/main.o
 .debug_rnglists
                0x000000b9       0x13 ./Core/Src/stm32f4xx_hal_msp.o
 .debug_rnglists
                0x000000cc       0x43 ./Core/Src/stm32f4xx_it.o
 .debug_rnglists
                0x0000010f       0x1a ./Core/Src/system_stm32f4xx.o
 .debug_rnglists
                0x00000129       0x19 ./Core/Startup/startup_stm32f407vgtx.o
 .debug_rnglists
                0x00000142       0xaf ./Drivers/STM32F4xx_HAL_Driver/Src/stm32f4xx_hal.o
 .debug_rnglists
                0x000001f1       0xe0 ./Drivers/STM32F4xx_HAL_Driver/Src/stm32f4xx_hal_cortex.o
 .debug_rnglists
                0x000002d1       0x70 ./Drivers/STM32F4xx_HAL_Driver/Src/stm32f4xx_hal_dma.o
 .debug_rnglists
                0x00000341       0x3f ./Drivers/STM32F4xx_HAL_Driver/Src/stm32f4xx_hal_gpio.o
 .debug_rnglists
                0x00000380      0x23c ./Drivers/STM32F4xx_HAL_Driver/Src/stm32f4xx_hal_i2c.o
 .debug_rnglists
                0x000005bc       0xcc ./Drivers/STM32F4xx_HAL_Driver/Src/stm32f4xx_hal_i2s.o
 .debug_rnglists
                0x00000688       0x6a ./Drivers/STM32F4xx_HAL_Driver/Src/stm32f4xx_hal_i2s_ex.o
 .debug_rnglists
                0x000006f2       0x66 ./Drivers/STM32F4xx_HAL_Driver/Src/stm32f4xx_hal_rcc.o
 .debug_rnglists
                0x00000758       0x35 ./Drivers/STM32F4xx_HAL_Driver/Src/stm32f4xx_hal_rcc_ex.o
 .debug_rnglists
                0x0000078d      0x20c ./Middlewares/Third_Party/FreeRTOS/Source/CMSIS_RTOS_V2/cmsis_os2.o
 .debug_rnglists
                0x00000999       0x2b ./Middlewares/Third_Party/FreeRTOS/Source/list.o
 .debug_rnglists
                0x000009c4      0x109 ./Middlewares/Third_Party/FreeRTOS/Source/queue.o
 .debug_rnglists
                0x00000acd      0x1a0 ./Middlewares/Third_Party/FreeRTOS/Source/tasks.o
 .debug_rnglists
                0x00000c6d       0xb8 ./Middlewares/Third_Party/FreeRTOS/Source/timers.o
 .debug_rnglists
                0x00000d25       0x5d ./Middlewares/Third_Party/FreeRTOS/Source/portable/GCC/ARM_CM4F/port.o
 .debug_rnglists
                0x00000d82       0x42 ./Middlewares/Third_Party/FreeRTOS/Source/portable/MemMang/heap_4.o
 .debug_rnglists
                0x00000dc4       0x1a ./bsp/cs43l22/cs43l22.o
 .debug_rnglists
                0x00000dde       0x1f ./tasks/microphone-task/microphone-task-notification.o
 .debug_rnglists
                0x00000dfd       0x2b ./tasks/microphone-task/microphone_task.o
 .debug_rnglists
                0x00000e28       0x1f ./tasks/signal-processing-task/signal-processing-task-notification.o
 .debug_rnglists
                0x00000e47       0x20 ./tasks/signal-processing-task/signal_processing.o
 .debug_rnglists
                0x00000e67       0x1f ./tasks/speaker-task/speaker-task-notification.o
 .debug_rnglists
                0x00000e86       0x1f ./tasks/speaker-task/speaker_task.o

.debug_macro    0x00000000    0x24d33
 .debug_macro   0x00000000      0x1fc ./Core/Src/dma.o
 .debug_macro   0x000001fc      0xab4 ./Core/Src/dma.o
 .debug_macro   0x00000cb0      0x29b ./Core/Src/dma.o
 .debug_macro   0x00000f4b       0x2e ./Core/Src/dma.o
 .debug_macro   0x00000f79       0x2f ./Core/Src/dma.o
 .debug_macro   0x00000fa8       0x22 ./Core/Src/dma.o
 .debug_macro   0x00000fca       0x8e ./Core/Src/dma.o
 .debug_macro   0x00001058       0x51 ./Core/Src/dma.o
 .debug_macro   0x000010a9      0x103 ./Core/Src/dma.o
 .debug_macro   0x000011ac       0x6a ./Core/Src/dma.o
 .debug_macro   0x00001216      0x1df ./Core/Src/dma.o
 .debug_macro   0x000013f5       0x1c ./Core/Src/dma.o
 .debug_macro   0x00001411       0x22 ./Core/Src/dma.o
 .debug_macro   0x00001433       0xfb ./Core/Src/dma.o
 .debug_macro   0x0000152e     0x1011 ./Core/Src/dma.o
 .debug_macro   0x0000253f      0x11f ./Core/Src/dma.o
 .debug_macro   0x0000265e    0x15e97 ./Core/Src/dma.o
 .debug_macro   0x000184f5       0x6d ./Core/Src/dma.o
 .debug_macro   0x00018562     0x369a ./Core/Src/dma.o
 .debug_macro   0x0001bbfc      0x189 ./Core/Src/dma.o
 .debug_macro   0x0001bd85       0x5c ./Core/Src/dma.o
 .debug_macro   0x0001bde1      0x980 ./Core/Src/dma.o
 .debug_macro   0x0001c761      0x9e9 ./Core/Src/dma.o
 .debug_macro   0x0001d14a      0x115 ./Core/Src/dma.o
 .debug_macro   0x0001d25f      0x13e ./Core/Src/dma.o
 .debug_macro   0x0001d39d       0xa5 ./Core/Src/dma.o
 .debug_macro   0x0001d442      0x174 ./Core/Src/dma.o
 .debug_macro   0x0001d5b6      0x287 ./Core/Src/dma.o
 .debug_macro   0x0001d83d       0x5f ./Core/Src/dma.o
 .debug_macro   0x0001d89c      0x236 ./Core/Src/dma.o
 .debug_macro   0x0001dad2      0x12c ./Core/Src/dma.o
 .debug_macro   0x0001dbfe      0x21e ./Core/Src/dma.o
 .debug_macro   0x0001de1c       0x2e ./Core/Src/dma.o
 .debug_macro   0x0001de4a      0x1b5 ./Core/Src/dma.o
 .debug_macro   0x0001dfff       0xd6 ./Core/Src/dma.o
 .debug_macro   0x0001e0d5      0x1a7 ./Core/Src/dma.o
 .debug_macro   0x0001e27c       0x46 ./Core/Src/dma.o
 .debug_macro   0x0001e2c2       0x4a ./Core/Src/dma.o
 .debug_macro   0x0001e30c      0x127 ./Core/Src/dma.o
 .debug_macro   0x0001e433       0x7e ./Core/Src/dma.o
 .debug_macro   0x0001e4b1       0x89 ./Core/Src/dma.o
 .debug_macro   0x0001e53a      0x12d ./Core/Src/dma.o
 .debug_macro   0x0001e667       0x40 ./Core/Src/dma.o
 .debug_macro   0x0001e6a7      0x3e5 ./Core/Src/freertos.o
 .debug_macro   0x0001ea8c      0x169 ./Core/Src/freertos.o
 .debug_macro   0x0001ebf5      0x15a ./Core/Src/freertos.o
 .debug_macro   0x0001ed4f       0xc9 ./Core/Src/freertos.o
 .debug_macro   0x0001ee18       0x1c ./Core/Src/freertos.o
 .debug_macro   0x0001ee34       0x26 ./Core/Src/freertos.o
 .debug_macro   0x0001ee5a      0x4c5 ./Core/Src/freertos.o
 .debug_macro   0x0001f31f       0xb5 ./Core/Src/freertos.o
 .debug_macro   0x0001f3d4       0xaa ./Core/Src/freertos.o
 .debug_macro   0x0001f47e       0x6c ./Core/Src/freertos.o
 .debug_macro   0x0001f4ea       0x74 ./Core/Src/freertos.o
 .debug_macro   0x0001f55e       0xdd ./Core/Src/freertos.o
 .debug_macro   0x0001f63b       0x16 ./Core/Src/freertos.o
 .debug_macro   0x0001f651       0x22 ./Core/Src/freertos.o
 .debug_macro   0x0001f673       0x61 ./Core/Src/freertos.o
 .debug_macro   0x0001f6d4       0x2a ./Core/Src/freertos.o
 .debug_macro   0x0001f6fe       0x43 ./Core/Src/freertos.o
 .debug_macro   0x0001f741       0x34 ./Core/Src/freertos.o
 .debug_macro   0x0001f775       0x16 ./Core/Src/freertos.o
 .debug_macro   0x0001f78b       0x43 ./Core/Src/freertos.o
 .debug_macro   0x0001f7ce       0x34 ./Core/Src/freertos.o
 .debug_macro   0x0001f802       0x10 ./Core/Src/freertos.o
 .debug_macro   0x0001f812       0x58 ./Core/Src/freertos.o
 .debug_macro   0x0001f86a       0x8e ./Core/Src/freertos.o
 .debug_macro   0x0001f8f8       0x1c ./Core/Src/freertos.o
 .debug_macro   0x0001f914      0x177 ./Core/Src/freertos.o
 .debug_macro   0x0001fa8b      0x369 ./Core/Src/freertos.o
 .debug_macro   0x0001fdf4       0x10 ./Core/Src/freertos.o
 .debug_macro   0x0001fe04       0x35 ./Core/Src/freertos.o
 .debug_macro   0x0001fe39       0x20 ./Core/Src/freertos.o
 .debug_macro   0x0001fe59      0x19b ./Core/Src/freertos.o
 .debug_macro   0x0001fff4      0x201 ./Core/Src/freertos.o
 .debug_macro   0x000201f5       0x7c ./Core/Src/freertos.o
 .debug_macro   0x00020271       0x17 ./Core/Src/freertos.o
 .debug_macro   0x00020288      0x118 ./Core/Src/freertos.o
 .debug_macro   0x000203a0      0x169 ./Core/Src/freertos.o
 .debug_macro   0x00020509       0x16 ./Core/Src/freertos.o
 .debug_macro   0x0002051f       0x16 ./Core/Src/freertos.o
 .debug_macro   0x00020535      0x1fc ./Core/Src/gpio.o
 .debug_macro   0x00020731      0x1fc ./Core/Src/i2c.o
 .debug_macro   0x0002092d      0x1fc ./Core/Src/i2s.o
 .debug_macro   0x00020b29      0x2e4 ./Core/Src/main.o
 .debug_macro   0x00020e0d      0x169 ./Core/Src/main.o
 .debug_macro   0x00020f76       0x66 ./Core/Src/main.o
 .debug_macro   0x00020fdc       0x94 ./Core/Src/main.o
 .debug_macro   0x00021070      0x1f2 ./Core/Src/stm32f4xx_hal_msp.o
 .debug_macro   0x00021262      0x264 ./Core/Src/stm32f4xx_it.o
 .debug_macro   0x000214c6      0x1e3 ./Core/Src/system_stm32f4xx.o
 .debug_macro   0x000216a9      0x243 ./Drivers/STM32F4xx_HAL_Driver/Src/stm32f4xx_hal.o
 .debug_macro   0x000218ec      0x1e3 ./Drivers/STM32F4xx_HAL_Driver/Src/stm32f4xx_hal_cortex.o
 .debug_macro   0x00021acf      0x1e9 ./Drivers/STM32F4xx_HAL_Driver/Src/stm32f4xx_hal_dma.o
 .debug_macro   0x00021cb8      0x1e9 ./Drivers/STM32F4xx_HAL_Driver/Src/stm32f4xx_hal_gpio.o
 .debug_macro   0x00021ea1      0x231 ./Drivers/STM32F4xx_HAL_Driver/Src/stm32f4xx_hal_i2c.o
 .debug_macro   0x000220d2      0x1eb ./Drivers/STM32F4xx_HAL_Driver/Src/stm32f4xx_hal_i2s.o
 .debug_macro   0x000222bd      0x1e3 ./Drivers/STM32F4xx_HAL_Driver/Src/stm32f4xx_hal_i2s_ex.o
 .debug_macro   0x000224a0      0x207 ./Drivers/STM32F4xx_HAL_Driver/Src/stm32f4xx_hal_rcc.o
 .debug_macro   0x000226a7      0x1e3 ./Drivers/STM32F4xx_HAL_Driver/Src/stm32f4xx_hal_rcc_ex.o
 .debug_macro   0x0002288a      0x3da ./Middlewares/Third_Party/FreeRTOS/Source/CMSIS_RTOS_V2/cmsis_os2.o
 .debug_macro   0x00022c64       0x10 ./Middlewares/Third_Party/FreeRTOS/Source/CMSIS_RTOS_V2/cmsis_os2.o
 .debug_macro   0x00022c74       0xf5 ./Middlewares/Third_Party/FreeRTOS/Source/CMSIS_RTOS_V2/cmsis_os2.o
 .debug_macro   0x00022d69       0x91 ./Middlewares/Third_Party/FreeRTOS/Source/CMSIS_RTOS_V2/cmsis_os2.o
 .debug_macro   0x00022dfa       0x8d ./Middlewares/Third_Party/FreeRTOS/Source/CMSIS_RTOS_V2/cmsis_os2.o
 .debug_macro   0x00022e87       0x9a ./Middlewares/Third_Party/FreeRTOS/Source/CMSIS_RTOS_V2/cmsis_os2.o
 .debug_macro   0x00022f21       0x22 ./Middlewares/Third_Party/FreeRTOS/Source/CMSIS_RTOS_V2/cmsis_os2.o
 .debug_macro   0x00022f43       0x56 ./Middlewares/Third_Party/FreeRTOS/Source/CMSIS_RTOS_V2/cmsis_os2.o
 .debug_macro   0x00022f99      0x187 ./Middlewares/Third_Party/FreeRTOS/Source/list.o
 .debug_macro   0x00023120      0x216 ./Middlewares/Third_Party/FreeRTOS/Source/queue.o
 .debug_macro   0x00023336       0x16 ./Middlewares/Third_Party/FreeRTOS/Source/queue.o
 .debug_macro   0x0002334c       0x87 ./Middlewares/Third_Party/FreeRTOS/Source/queue.o
 .debug_macro   0x000233d3      0x27f ./Middlewares/Third_Party/FreeRTOS/Source/tasks.o
 .debug_macro   0x00023652       0x10 ./Middlewares/Third_Party/FreeRTOS/Source/tasks.o
 .debug_macro   0x00023662      0x1dc ./Middlewares/Third_Party/FreeRTOS/Source/timers.o
 .debug_macro   0x0002383e       0x97 ./Middlewares/Third_Party/FreeRTOS/Source/timers.o
 .debug_macro   0x000238d5      0x196 ./Middlewares/Third_Party/FreeRTOS/Source/portable/GCC/ARM_CM4F/port.o
 .debug_macro   0x00023a6b      0x1ae ./Middlewares/Third_Party/FreeRTOS/Source/portable/MemMang/heap_4.o
 .debug_macro   0x00023c19      0x21e ./bsp/cs43l22/cs43l22.o
 .debug_macro   0x00023e37      0x101 ./tasks/microphone-task/microphone-task-notification.o
 .debug_macro   0x00023f38      0x31c ./tasks/microphone-task/microphone_task.o
 .debug_macro   0x00024254       0x10 ./tasks/microphone-task/microphone_task.o
 .debug_macro   0x00024264      0x255 ./tasks/signal-processing-task/signal-processing-task-notification.o
 .debug_macro   0x000244b9      0x3d0 ./tasks/signal-processing-task/signal_processing.o
 .debug_macro   0x00024889      0x101 ./tasks/speaker-task/speaker-task-notification.o
 .debug_macro   0x0002498a      0x399 ./tasks/speaker-task/speaker_task.o
 .debug_macro   0x00024d23       0x10 ./tasks/speaker-task/speaker_task.o

.debug_line     0x00000000    0x1ccf5
 .debug_line    0x00000000      0x765 ./Core/Src/dma.o
 .debug_line    0x00000765      0xce7 ./Core/Src/freertos.o
 .debug_line    0x0000144c      0x777 ./Core/Src/gpio.o
 .debug_line    0x00001bc3      0x7d1 ./Core/Src/i2c.o
 .debug_line    0x00002394      0x8aa ./Core/Src/i2s.o
 .debug_line    0x00002c3e      0xb5c ./Core/Src/main.o
 .debug_line    0x0000379a      0x769 ./Core/Src/stm32f4xx_hal_msp.o
 .debug_line    0x00003f03      0x940 ./Core/Src/stm32f4xx_it.o
 .debug_line    0x00004843      0x7ec ./Core/Src/system_stm32f4xx.o
 .debug_line    0x0000502f       0x7a ./Core/Startup/startup_stm32f407vgtx.o
 .debug_line    0x000050a9      0xa55 ./Drivers/STM32F4xx_HAL_Driver/Src/stm32f4xx_hal.o
 .debug_line    0x00005afe      0xd47 ./Drivers/STM32F4xx_HAL_Driver/Src/stm32f4xx_hal_cortex.o
 .debug_line    0x00006845      0xfc5 ./Drivers/STM32F4xx_HAL_Driver/Src/stm32f4xx_hal_dma.o
 .debug_line    0x0000780a      0xbe1 ./Drivers/STM32F4xx_HAL_Driver/Src/stm32f4xx_hal_gpio.o
 .debug_line    0x000083eb     0x3b9b ./Drivers/STM32F4xx_HAL_Driver/Src/stm32f4xx_hal_i2c.o
 .debug_line    0x0000bf86     0x1449 ./Drivers/STM32F4xx_HAL_Driver/Src/stm32f4xx_hal_i2s.o
 .debug_line    0x0000d3cf     0x147e ./Drivers/STM32F4xx_HAL_Driver/Src/stm32f4xx_hal_i2s_ex.o
 .debug_line    0x0000e84d      0xdde ./Drivers/STM32F4xx_HAL_Driver/Src/stm32f4xx_hal_rcc.o
 .debug_line    0x0000f62b      0xa69 ./Drivers/STM32F4xx_HAL_Driver/Src/stm32f4xx_hal_rcc_ex.o
 .debug_line    0x00010094     0x2394 ./Middlewares/Third_Party/FreeRTOS/Source/CMSIS_RTOS_V2/cmsis_os2.o
 .debug_line    0x00012428      0x796 ./Middlewares/Third_Party/FreeRTOS/Source/list.o
 .debug_line    0x00012bbe     0x1760 ./Middlewares/Third_Party/FreeRTOS/Source/queue.o
 .debug_line    0x0001431e     0x1e32 ./Middlewares/Third_Party/FreeRTOS/Source/tasks.o
 .debug_line    0x00016150      0xe1e ./Middlewares/Third_Party/FreeRTOS/Source/timers.o
 .debug_line    0x00016f6e      0x839 ./Middlewares/Third_Party/FreeRTOS/Source/portable/GCC/ARM_CM4F/port.o
 .debug_line    0x000177a7      0x9c1 ./Middlewares/Third_Party/FreeRTOS/Source/portable/MemMang/heap_4.o
 .debug_line    0x00018168      0x876 ./bsp/cs43l22/cs43l22.o
 .debug_line    0x000189de      0x61e ./tasks/microphone-task/microphone-task-notification.o
 .debug_line    0x00018ffc      0xb25 ./tasks/microphone-task/microphone_task.o
 .debug_line    0x00019b21      0x912 ./tasks/signal-processing-task/signal-processing-task-notification.o
 .debug_line    0x0001a433      0xd24 ./tasks/signal-processing-task/signal_processing.o
 .debug_line    0x0001b157      0x612 ./tasks/speaker-task/speaker-task-notification.o
 .debug_line    0x0001b769      0xb21 ./tasks/speaker-task/speaker_task.o
 .debug_line    0x0001c28a      0x233 ../Middlewares/ST/ARM/DSP/Lib\libarm_cortexM4lf_math.a(arm_fir_init_f32.o)
 .debug_line    0x0001c4bd      0x838 ../Middlewares/ST/ARM/DSP/Lib\libarm_cortexM4lf_math.a(arm_fir_f32.o)

.debug_str      0x00000000    0xd1631
 .debug_str     0x00000000    0xbe2b6 ./Core/Src/dma.o
                              0xbe54f (size before relaxing)
 .debug_str     0x000be2b6     0x9ab3 ./Core/Src/freertos.o
                              0xc7b45 (size before relaxing)
 .debug_str     0x000c7d69       0xe3 ./Core/Src/gpio.o
                              0xbe0fd (size before relaxing)
 .debug_str     0x000c7e4c      0x53b ./Core/Src/i2c.o
                              0xbe62c (size before relaxing)
 .debug_str     0x000c8387      0x256 ./Core/Src/i2s.o
                              0xbe5c2 (size before relaxing)
 .debug_str     0x000c85dd      0x71a ./Core/Src/main.o
                              0xc3190 (size before relaxing)
 .debug_str     0x000c8cf7       0x2c ./Core/Src/stm32f4xx_hal_msp.o
                              0xbe53f (size before relaxing)
 .debug_str     0x000c8d23      0x11c ./Core/Src/stm32f4xx_it.o
                              0xc204e (size before relaxing)
 .debug_str     0x000c8e3f       0xdb ./Core/Src/system_stm32f4xx.o
                              0xbdff7 (size before relaxing)
 .debug_str     0x000c8f1a       0x44 ./Core/Startup/startup_stm32f407vgtx.o
                                 0x81 (size before relaxing)
 .debug_str     0x000c8f5e      0x617 ./Drivers/STM32F4xx_HAL_Driver/Src/stm32f4xx_hal.o
                              0xbeb7b (size before relaxing)
 .debug_str     0x000c9575      0x376 ./Drivers/STM32F4xx_HAL_Driver/Src/stm32f4xx_hal_cortex.o
                              0xbe8f7 (size before relaxing)
 .debug_str     0x000c98eb      0x2f3 ./Drivers/STM32F4xx_HAL_Driver/Src/stm32f4xx_hal_dma.o
                              0xbe411 (size before relaxing)
 .debug_str     0x000c9bde      0x121 ./Drivers/STM32F4xx_HAL_Driver/Src/stm32f4xx_hal_gpio.o
                              0xbe172 (size before relaxing)
 .debug_str     0x000c9cff      0xb11 ./Drivers/STM32F4xx_HAL_Driver/Src/stm32f4xx_hal_i2c.o
                              0xbf015 (size before relaxing)
 .debug_str     0x000ca810      0x2af ./Drivers/STM32F4xx_HAL_Driver/Src/stm32f4xx_hal_i2s.o